Component: ARM Compiler 5.06 update 6 (build 750) Tool: armlink [4d35ed]

==============================================================================

Section Cross References

    system_stm32f4xx.o(i.SystemCoreClockUpdate) refers to system_stm32f4xx.o(.data) for SystemCoreClock
    system_stm32f4xx.o(i.SystemInit) refers to system_stm32f4xx.o(i.SetSysClock) for SetSysClock
    startup_stm32f40_41xxx.o(RESET) refers to startup_stm32f40_41xxx.o(STACK) for __initial_sp
    startup_stm32f40_41xxx.o(RESET) refers to startup_stm32f40_41xxx.o(.text) for Reset_Handler
    startup_stm32f40_41xxx.o(RESET) refers to main.o(i.RTC_WKUP_IRQHandler) for RTC_WKUP_IRQHandler
    startup_stm32f40_41xxx.o(RESET) refers to key.o(i.EXTI2_IRQHandler) for EXTI2_IRQHandler
    startup_stm32f40_41xxx.o(RESET) refers to main.o(i.USART1_IRQHandler) for USART1_IRQHandler
    startup_stm32f40_41xxx.o(RESET) refers to tim.o(i.TIM6_DAC_IRQHandler) for TIM6_DAC_IRQHandler
    startup_stm32f40_41xxx.o(.text) refers to system_stm32f4xx.o(i.SystemInit) for SystemInit
    startup_stm32f40_41xxx.o(.text) refers to entry.o(.ARM.Collect$$$$00000000) for __main
    stm32f4xx_rcc.o(i.RCC_GetClocksFreq) refers to stm32f4xx_rcc.o(.data) for APBAHBPrescTable
    stm32f4xx_rcc.o(i.RCC_WaitForHSEStartUp) refers to stm32f4xx_rcc.o(i.RCC_GetFlagStatus) for RCC_GetFlagStatus
    stm32f4xx_gpio.o(i.GPIO_DeInit) refers to stm32f4xx_rcc.o(i.RCC_AHB1PeriphResetCmd) for RCC_AHB1PeriphResetCmd
    stm32f4xx_syscfg.o(i.SYSCFG_DeInit) refers to stm32f4xx_rcc.o(i.RCC_APB2PeriphResetCmd) for RCC_APB2PeriphResetCmd
    stm32f4xx_tim.o(i.TIM_DeInit) refers to stm32f4xx_rcc.o(i.RCC_APB2PeriphResetCmd) for RCC_APB2PeriphResetCmd
    stm32f4xx_tim.o(i.TIM_DeInit) refers to stm32f4xx_rcc.o(i.RCC_APB1PeriphResetCmd) for RCC_APB1PeriphResetCmd
    stm32f4xx_tim.o(i.TIM_ETRClockMode1Config) refers to stm32f4xx_tim.o(i.TIM_ETRConfig) for TIM_ETRConfig
    stm32f4xx_tim.o(i.TIM_ETRClockMode2Config) refers to stm32f4xx_tim.o(i.TIM_ETRConfig) for TIM_ETRConfig
    stm32f4xx_tim.o(i.TIM_ICInit) refers to stm32f4xx_tim.o(i.TI1_Config) for TI1_Config
    stm32f4xx_tim.o(i.TIM_ICInit) refers to stm32f4xx_tim.o(i.TIM_SetIC1Prescaler) for TIM_SetIC1Prescaler
    stm32f4xx_tim.o(i.TIM_ICInit) refers to stm32f4xx_tim.o(i.TI2_Config) for TI2_Config
    stm32f4xx_tim.o(i.TIM_ICInit) refers to stm32f4xx_tim.o(i.TIM_SetIC2Prescaler) for TIM_SetIC2Prescaler
    stm32f4xx_tim.o(i.TIM_ICInit) refers to stm32f4xx_tim.o(i.TI3_Config) for TI3_Config
    stm32f4xx_tim.o(i.TIM_ICInit) refers to stm32f4xx_tim.o(i.TIM_SetIC3Prescaler) for TIM_SetIC3Prescaler
    stm32f4xx_tim.o(i.TIM_ICInit) refers to stm32f4xx_tim.o(i.TI4_Config) for TI4_Config
    stm32f4xx_tim.o(i.TIM_ICInit) refers to stm32f4xx_tim.o(i.TIM_SetIC4Prescaler) for TIM_SetIC4Prescaler
    stm32f4xx_tim.o(i.TIM_ITRxExternalClockConfig) refers to stm32f4xx_tim.o(i.TIM_SelectInputTrigger) for TIM_SelectInputTrigger
    stm32f4xx_tim.o(i.TIM_PWMIConfig) refers to stm32f4xx_tim.o(i.TI1_Config) for TI1_Config
    stm32f4xx_tim.o(i.TIM_PWMIConfig) refers to stm32f4xx_tim.o(i.TIM_SetIC1Prescaler) for TIM_SetIC1Prescaler
    stm32f4xx_tim.o(i.TIM_PWMIConfig) refers to stm32f4xx_tim.o(i.TI2_Config) for TI2_Config
    stm32f4xx_tim.o(i.TIM_PWMIConfig) refers to stm32f4xx_tim.o(i.TIM_SetIC2Prescaler) for TIM_SetIC2Prescaler
    stm32f4xx_tim.o(i.TIM_TIxExternalClockConfig) refers to stm32f4xx_tim.o(i.TI2_Config) for TI2_Config
    stm32f4xx_tim.o(i.TIM_TIxExternalClockConfig) refers to stm32f4xx_tim.o(i.TI1_Config) for TI1_Config
    stm32f4xx_tim.o(i.TIM_TIxExternalClockConfig) refers to stm32f4xx_tim.o(i.TIM_SelectInputTrigger) for TIM_SelectInputTrigger
    stm32f4xx_usart.o(i.USART_DeInit) refers to stm32f4xx_rcc.o(i.RCC_APB2PeriphResetCmd) for RCC_APB2PeriphResetCmd
    stm32f4xx_usart.o(i.USART_DeInit) refers to stm32f4xx_rcc.o(i.RCC_APB1PeriphResetCmd) for RCC_APB1PeriphResetCmd
    stm32f4xx_usart.o(i.USART_Init) refers to stm32f4xx_rcc.o(i.RCC_GetClocksFreq) for RCC_GetClocksFreq
    stm32f4xx_pwr.o(i.PWR_DeInit) refers to stm32f4xx_rcc.o(i.RCC_APB1PeriphResetCmd) for RCC_APB1PeriphResetCmd
    stm32f4xx_rtc.o(i.RTC_CoarseCalibCmd) refers to stm32f4xx_rtc.o(i.RTC_EnterInitMode) for RTC_EnterInitMode
    stm32f4xx_rtc.o(i.RTC_CoarseCalibCmd) refers to stm32f4xx_rtc.o(i.RTC_ExitInitMode) for RTC_ExitInitMode
    stm32f4xx_rtc.o(i.RTC_CoarseCalibConfig) refers to stm32f4xx_rtc.o(i.RTC_EnterInitMode) for RTC_EnterInitMode
    stm32f4xx_rtc.o(i.RTC_CoarseCalibConfig) refers to stm32f4xx_rtc.o(i.RTC_ExitInitMode) for RTC_ExitInitMode
    stm32f4xx_rtc.o(i.RTC_DeInit) refers to stm32f4xx_rtc.o(i.RTC_EnterInitMode) for RTC_EnterInitMode
    stm32f4xx_rtc.o(i.RTC_DeInit) refers to stm32f4xx_rtc.o(i.RTC_WaitForSynchro) for RTC_WaitForSynchro
    stm32f4xx_rtc.o(i.RTC_GetAlarm) refers to stm32f4xx_rtc.o(i.RTC_Bcd2ToByte) for RTC_Bcd2ToByte
[...]
    Removing stm32f4xx_tim.o(i.TIM_OC2PolarityConfig), (26 bytes).
    Removing stm32f4xx_tim.o(i.TIM_OC2PreloadConfig), (26 bytes).
    Removing stm32f4xx_tim.o(i.TIM_OC3FastConfig), (18 bytes).
    Removing stm32f4xx_tim.o(i.TIM_OC3Init), (160 bytes).
    Removing stm32f4xx_tim.o(i.TIM_OC3NPolarityConfig), (26 bytes).
    Removing stm32f4xx_tim.o(i.TIM_OC3PolarityConfig), (26 bytes).
    Removing stm32f4xx_tim.o(i.TIM_OC3PreloadConfig), (18 bytes).
    Removing stm32f4xx_tim.o(i.TIM_OC4FastConfig), (26 bytes).
    Removing stm32f4xx_tim.o(i.TIM_OC4Init), (120 bytes).
    Removing stm32f4xx_tim.o(i.TIM_OC4PolarityConfig), (26 bytes).
    Removing stm32f4xx_tim.o(i.TIM_OC4PreloadConfig), (26 bytes).
    Removing stm32f4xx_tim.o(i.TIM_OCStructInit), (20 bytes).
    Removing stm32f4xx_tim.o(i.TIM_PWMIConfig), (124 bytes).
    Removing stm32f4xx_tim.o(i.TIM_PrescalerConfig), (6 bytes).
    Removing stm32f4xx_tim.o(i.TIM_RemapConfig), (6 bytes).
    Removing stm32f4xx_tim.o(i.TIM_SelectCCDMA), (24 bytes).
    Removing stm32f4xx_tim.o(i.TIM_SelectCOM), (24 bytes).
    Removing stm32f4xx_tim.o(i.TIM_SelectHallSensor), (24 bytes).
    Removing stm32f4xx_tim.o(i.TIM_SelectInputTrigger), (18 bytes).
    Removing stm32f4xx_tim.o(i.TIM_SelectMasterSlaveMode), (18 bytes).
    Removing stm32f4xx_tim.o(i.TIM_SelectOCxM), (86 bytes).
    Removing stm32f4xx_tim.o(i.TIM_SelectOnePulseMode), (18 bytes).
    Removing stm32f4xx_tim.o(i.TIM_SelectOutputTrigger), (18 bytes).
    Removing stm32f4xx_tim.o(i.TIM_SelectSlaveMode), (18 bytes).
    Removing stm32f4xx_tim.o(i.TIM_SetAutoreload), (4 bytes).
    Removing stm32f4xx_tim.o(i.TIM_SetClockDivision), (18 bytes).
    Removing stm32f4xx_tim.o(i.TIM_SetCompare1), (4 bytes).
    Removing stm32f4xx_tim.o(i.TIM_SetCompare2), (4 bytes).
    Removing stm32f4xx_tim.o(i.TIM_SetCompare3), (4 bytes).
    Removing stm32f4xx_tim.o(i.TIM_SetCompare4), (4 bytes).
    Removing stm32f4xx_tim.o(i.TIM_SetCounter), (4 bytes).
    Removing stm32f4xx_tim.o(i.TIM_SetIC1Prescaler), (18 bytes).
    Removing stm32f4xx_tim.o(i.TIM_SetIC2Prescaler), (26 bytes).
    Removing stm32f4xx_tim.o(i.TIM_SetIC3Prescaler), (18 bytes).
    Removing stm32f4xx_tim.o(i.TIM_SetIC4Prescaler), (26 bytes).
    Removing stm32f4xx_tim.o(i.TIM_TIxExternalClockConfig), (62 bytes).
    Removing stm32f4xx_tim.o(i.TIM_TimeBaseInit), (132 bytes).
    Removing stm32f4xx_tim.o(i.TIM_TimeBaseStructInit), (18 bytes).
    Removing stm32f4xx_tim.o(i.TIM_UpdateDisableConfig), (24 bytes).
    Removing stm32f4xx_tim.o(i.TIM_UpdateRequestConfig), (24 bytes).
    Removing stm32f4xx_usart.o(.rev16_text), (4 bytes).
    Removing stm32f4xx_usart.o(.revsh_text), (4 bytes).
    Removing stm32f4xx_usart.o(i.USART_ClearFlag), (18 bytes).
    Removing stm32f4xx_usart.o(i.USART_ClearITPendingBit), (30 bytes).
    Removing stm32f4xx_usart.o(i.USART_ClockInit), (32 bytes).
    Removing stm32f4xx_usart.o(i.USART_ClockStructInit), (12 bytes).
    Removing stm32f4xx_usart.o(i.USART_DMACmd), (18 bytes).
    Removing stm32f4xx_usart.o(i.USART_DeInit), (240 bytes).
    Removing stm32f4xx_usart.o(i.USART_GetFlagStatus), (26 bytes).
    Removing stm32f4xx_usart.o(i.USART_GetITStatus), (84 bytes).
    Removing stm32f4xx_usart.o(i.USART_HalfDuplexCmd), (24 bytes).
    Removing stm32f4xx_usart.o(i.USART_IrDACmd), (24 bytes).
    Removing stm32f4xx_usart.o(i.USART_IrDAConfig), (18 bytes).
    Removing stm32f4xx_usart.o(i.USART_LINBreakDetectLengthConfig), (18 bytes).
    Removing stm32f4xx_usart.o(i.USART_LINCmd), (24 bytes).
    Removing stm32f4xx_usart.o(i.USART_OneBitMethodCmd), (24 bytes).
    Removing stm32f4xx_usart.o(i.USART_ReceiveData), (10 bytes).
    Removing stm32f4xx_usart.o(i.USART_ReceiverWakeUpCmd), (24 bytes).
    Removing stm32f4xx_usart.o(i.USART_SendBreak), (10 bytes).
    Removing stm32f4xx_usart.o(i.USART_SendData), (8 bytes).
    Removing stm32f4xx_usart.o(i.USART_SetAddress), (18 bytes).
    Removing stm32f4xx_usart.o(i.USART_SetGuardTime), (16 bytes).
    Removing stm32f4xx_usart.o(i.USART_SetPrescaler), (16 bytes).
    Removing stm32f4xx_usart.o(i.USART_SmartCardCmd), (24 bytes).
    Removing stm32f4xx_usart.o(i.USART_SmartCardNACKCmd), (24 bytes).
    Removing stm32f4xx_usart.o(i.USART_StructInit), (24 bytes).
    Removing stm32f4xx_usart.o(i.USART_WakeUpConfig), (18 bytes).
    Removing stm32f4xx_iwdg.o(.rev16_text), (4 bytes).
    Removing stm32f4xx_iwdg.o(.revsh_text), (4 bytes).
    Removing stm32f4xx_iwdg.o(i.IWDG_Enable), (16 bytes).
    Removing stm32f4xx_iwdg.o(i.IWDG_GetFlagStatus), (24 bytes).
    Removing stm32f4xx_iwdg.o(i.IWDG_ReloadCounter), (16 bytes).
    Removing stm32f4xx_iwdg.o(i.IWDG_SetPrescaler), (12 bytes).
    Removing stm32f4xx_iwdg.o(i.IWDG_SetReload), (12 bytes).
    Removing stm32f4xx_iwdg.o(i.IWDG_WriteAccessCmd), (12 bytes).
    Removing stm32f4xx_pwr.o(.rev16_text), (4 bytes).
    Removing stm32f4xx_pwr.o(.revsh_text), (4 bytes).
    Removing stm32f4xx_pwr.o(i.PWR_BackupRegulatorCmd), (12 bytes).
    Removing stm32f4xx_pwr.o(i.PWR_ClearFlag), (20 bytes).
    Removing stm32f4xx_pwr.o(i.PWR_DeInit), (22 bytes).
    Removing stm32f4xx_pwr.o(i.PWR_EnterSTANDBYMode), (40 bytes).
    Removing stm32f4xx_pwr.o(i.PWR_EnterSTOPMode), (68 bytes).
    Removing stm32f4xx_pwr.o(i.PWR_EnterUnderDriveSTOPMode), (68 bytes).
    Removing stm32f4xx_pwr.o(i.PWR_FlashPowerDownCmd), (12 bytes).
    Removing stm32f4xx_pwr.o(i.PWR_GetFlagStatus), (24 bytes).
    Removing stm32f4xx_pwr.o(i.PWR_LowRegulatorLowVoltageCmd), (24 bytes).
    Removing stm32f4xx_pwr.o(i.PWR_MainRegulatorLowVoltageCmd), (24 bytes).
    Removing stm32f4xx_pwr.o(i.PWR_MainRegulatorModeConfig), (24 bytes).
    Removing stm32f4xx_pwr.o(i.PWR_OverDriveCmd), (12 bytes).
    Removing stm32f4xx_pwr.o(i.PWR_OverDriveSWCmd), (12 bytes).
    Removing stm32f4xx_pwr.o(i.PWR_PVDCmd), (12 bytes).
    Removing stm32f4xx_pwr.o(i.PWR_PVDLevelConfig), (24 bytes).
    Removing stm32f4xx_pwr.o(i.PWR_UnderDriveCmd), (36 bytes).
    Removing stm32f4xx_pwr.o(i.PWR_WakeUpPinCmd), (12 bytes).
    Removing stm32f4xx_rtc.o(.rev16_text), (4 bytes).
    Removing stm32f4xx_rtc.o(.revsh_text), (4 bytes).
    Removing stm32f4xx_rtc.o(i.RTC_AlarmCmd), (116 bytes).
    Removing stm32f4xx_rtc.o(i.RTC_AlarmStructInit), (22 bytes).
    Removing stm32f4xx_rtc.o(i.RTC_AlarmSubSecondConfig), (52 bytes).
    Removing stm32f4xx_rtc.o(i.RTC_BypassShadowCmd), (60 bytes).
    Removing stm32f4xx_rtc.o(i.RTC_CalibOutputCmd), (60 bytes).
    Removing stm32f4xx_rtc.o(i.RTC_CalibOutputConfig), (48 bytes).
    Removing stm32f4xx_rtc.o(i.RTC_ClearFlag), (28 bytes).
    Removing stm32f4xx_rtc.o(i.RTC_CoarseCalibCmd), (80 bytes).
    Removing stm32f4xx_rtc.o(i.RTC_CoarseCalibConfig), (56 bytes).
    Removing stm32f4xx_rtc.o(i.RTC_DateStructInit), (14 bytes).
    Removing stm32f4xx_rtc.o(i.RTC_DayLightSavingConfig), (56 bytes).
    Removing stm32f4xx_rtc.o(i.RTC_DeInit), (212 bytes).
    Removing stm32f4xx_rtc.o(i.RTC_GetAlarm), (116 bytes).
    Removing stm32f4xx_rtc.o(i.RTC_GetAlarmSubSecond), (36 bytes).
    Removing stm32f4xx_rtc.o(i.RTC_GetDate), (76 bytes).
    Removing stm32f4xx_rtc.o(i.RTC_GetFlagStatus), (40 bytes).
    Removing stm32f4xx_rtc.o(i.RTC_GetStoreOperation), (16 bytes).
    Removing stm32f4xx_rtc.o(i.RTC_GetSubSecond), (20 bytes).
    Removing stm32f4xx_rtc.o(i.RTC_GetTimeStamp), (156 bytes).
    Removing stm32f4xx_rtc.o(i.RTC_GetTimeStampSubSecond), (12 bytes).
    Removing stm32f4xx_rtc.o(i.RTC_GetWakeUpCounter), (12 bytes).
    Removing stm32f4xx_rtc.o(i.RTC_OutputConfig), (56 bytes).
    Removing stm32f4xx_rtc.o(i.RTC_OutputTypeConfig), (28 bytes).
    Removing stm32f4xx_rtc.o(i.RTC_ReadBackupRegister), (32 bytes).
    Removing stm32f4xx_rtc.o(i.RTC_RefClockCmd), (80 bytes).
    Removing stm32f4xx_rtc.o(i.RTC_SetAlarm), (236 bytes).
    Removing stm32f4xx_rtc.o(i.RTC_SetDate), (200 bytes).
    Removing stm32f4xx_rtc.o(i.RTC_SmoothCalibConfig), (96 bytes).
    Removing stm32f4xx_rtc.o(i.RTC_StructInit), (14 bytes).
    Removing stm32f4xx_rtc.o(i.RTC_SynchroShiftConfig), (124 bytes).
    Removing stm32f4xx_rtc.o(i.RTC_TamperCmd), (32 bytes).
    Removing stm32f4xx_rtc.o(i.RTC_TamperFilterConfig), (28 bytes).
    Removing stm32f4xx_rtc.o(i.RTC_TamperPinSelection), (28 bytes).
    Removing stm32f4xx_rtc.o(i.RTC_TamperPinsPrechargeDuration), (28 bytes).
    Removing stm32f4xx_rtc.o(i.RTC_TamperPullUpCmd), (36 bytes).
    Removing stm32f4xx_rtc.o(i.RTC_TamperSamplingFreqConfig), (28 bytes).
    Removing stm32f4xx_rtc.o(i.RTC_TamperTriggerConfig), (36 bytes).
    Removing stm32f4xx_rtc.o(i.RTC_TimeStampCmd), (56 bytes).
    Removing stm32f4xx_rtc.o(i.RTC_TimeStampOnTamperDetectionCmd), (36 bytes).
    Removing stm32f4xx_rtc.o(i.RTC_TimeStampPinSelection), (28 bytes).
    Removing stm32f4xx_rtc.o(i.RTC_TimeStructInit), (12 bytes).
    Removing stm32f4xx_rtc.o(i.RTC_WriteBackupRegister), (28 bytes).
    Removing stm32f4xx_rtc.o(i.RTC_WriteProtectionCmd), (28 bytes).
    Removing stm32f4xx_i2c.o(.rev16_text), (4 bytes).
    Removing stm32f4xx_i2c.o(.revsh_text), (4 bytes).
    Removing stm32f4xx_i2c.o(i.I2C_ARPCmd), (24 bytes).
    Removing stm32f4xx_i2c.o(i.I2C_AcknowledgeConfig), (24 bytes).
    Removing stm32f4xx_i2c.o(i.I2C_AnalogFilterCmd), (24 bytes).
    Removing stm32f4xx_i2c.o(i.I2C_CalculatePEC), (24 bytes).
    Removing stm32f4xx_i2c.o(i.I2C_CheckEvent), (42 bytes).
    Removing stm32f4xx_i2c.o(i.I2C_ClearFlag), (12 bytes).
    Removing stm32f4xx_i2c.o(i.I2C_ClearITPendingBit), (12 bytes).
    Removing stm32f4xx_i2c.o(i.I2C_Cmd), (24 bytes).
    Removing stm32f4xx_i2c.o(i.I2C_DMACmd), (24 bytes).
    Removing stm32f4xx_i2c.o(i.I2C_DMALastTransferCmd), (24 bytes).
    Removing stm32f4xx_i2c.o(i.I2C_DeInit), (96 bytes).
    Removing stm32f4xx_i2c.o(i.I2C_DigitalFilterConfig), (22 bytes).
    Removing stm32f4xx_i2c.o(i.I2C_DualAddressCmd), (24 bytes).
    Removing stm32f4xx_i2c.o(i.I2C_FastModeDutyCycleConfig), (28 bytes).
    Removing stm32f4xx_i2c.o(i.I2C_GeneralCallCmd), (24 bytes).
    Removing stm32f4xx_i2c.o(i.I2C_GenerateSTART), (24 bytes).
    Removing stm32f4xx_i2c.o(i.I2C_GenerateSTOP), (24 bytes).
    Removing stm32f4xx_i2c.o(i.I2C_GetFlagStatus), (58 bytes).
    Removing stm32f4xx_i2c.o(i.I2C_GetITStatus), (38 bytes).
    Removing stm32f4xx_i2c.o(i.I2C_GetLastEvent), (26 bytes).
    Removing stm32f4xx_i2c.o(i.I2C_GetPEC), (8 bytes).
    Removing stm32f4xx_i2c.o(i.I2C_ITConfig), (18 bytes).
    Removing stm32f4xx_i2c.o(i.I2C_Init), (232 bytes).
    Removing stm32f4xx_i2c.o(i.I2C_NACKPositionConfig), (28 bytes).
    Removing stm32f4xx_i2c.o(i.I2C_OwnAddress2Config), (22 bytes).
    Removing stm32f4xx_i2c.o(i.I2C_PECPositionConfig), (28 bytes).
    Removing stm32f4xx_i2c.o(i.I2C_ReadRegister), (22 bytes).
    Removing stm32f4xx_i2c.o(i.I2C_ReceiveData), (8 bytes).
    Removing stm32f4xx_i2c.o(i.I2C_SMBusAlertConfig), (28 bytes).
    Removing stm32f4xx_i2c.o(i.I2C_Send7bitAddress), (16 bytes).
    Removing stm32f4xx_i2c.o(i.I2C_SendData), (4 bytes).
    Removing stm32f4xx_i2c.o(i.I2C_SoftwareResetCmd), (22 bytes).
    Removing stm32f4xx_i2c.o(i.I2C_StretchClockCmd), (24 bytes).
    Removing stm32f4xx_i2c.o(i.I2C_StructInit), (30 bytes).
    Removing stm32f4xx_i2c.o(i.I2C_TransmitPEC), (24 bytes).
    Removing main.o(.rev16_text), (4 bytes).
    Removing main.o(.revsh_text), (4 bytes).
    Removing main.o(i.IWDG_Init), (32 bytes).
    Removing led.o(.rev16_text), (4 bytes).
    Removing led.o(.revsh_text), (4 bytes).
    Removing led.o(i.LED_Control), (124 bytes).
    Removing led.o(i.LED_PinConfig), (100 bytes).
    Removing led.o(i.TIM14CH1_Init), (144 bytes).
    Removing key.o(.rev16_text), (4 bytes).
    Removing key.o(.revsh_text), (4 bytes).
    Removing key.o(i.KEY_EXTIInit), (88 bytes).
    Removing key.o(i.KEY_PinConfig), (40 bytes).
    Removing beep.o(.rev16_text), (4 bytes).
    Removing beep.o(.revsh_text), (4 bytes).
    Removing beep.o(i.Beep_PinConfig), (52 bytes).
    Removing delay.o(.rev16_text), (4 bytes).
    Removing delay.o(.revsh_text), (4 bytes).
    Removing delay.o(i.delay_s), (32 bytes).
    Removing tim.o(.rev16_text), (4 bytes).
    Removing tim.o(.revsh_text), (4 bytes).
    Removing tim.o(i.TIM6_Init), (100 bytes).
    Removing tim.o(i.TIM7_Init), (60 bytes).
    Removing usart.o(.rev16_text), (4 bytes).
    Removing usart.o(.revsh_text), (4 bytes).
    Removing usart.o(i.USART1_SendString), (36 bytes).
    Removing hcsr04.o(.rev16_text), (4 bytes).
    Removing hcsr04.o(.revsh_text), (4 bytes).
    Removing hcsr04.o(i.HCSR04_GetDistance), (160 bytes).
    Removing hcsr04.o(i.HCSR04_Init), (72 bytes).
    Removing hcsr04.o(i.SysTick_HCSR04Init), (40 bytes).
    Removing oled.o(.rev16_text), (4 bytes).
    Removing oled.o(.revsh_text), (4 bytes).
    Removing oled.o(i.Delay_1ms), (26 bytes).
    Removing oled.o(i.Delay_50ms), (22 bytes).
    Removing oled.o(i.IIC_Init), (100 bytes).
    Removing oled.o(i.OLED_Display_Off), (28 bytes).
    Removing oled.o(i.OLED_Display_On), (28 bytes).
    Removing oled.o(i.OLED_DrawBMP), (118 bytes).
    Removing oled.o(i.OLED_On), (62 bytes).
    Removing oled.o(i.OLED_ShowNum), (136 bytes).
    Removing oled.o(i.fill_picture), (64 bytes).
    Removing oled.o(i.oled_pow), (22 bytes).
    Removing dht11.o(.rev16_text), (4 bytes).
    Removing dht11.o(.revsh_text), (4 bytes).
    Removing iic.o(.rev16_text), (4 bytes).
    Removing iic.o(.revsh_text), (4 bytes).
    Removing dfltui.o(.text), (26 bytes).
    Removing d2f.o(.text), (56 bytes).
    Removing fepilogue.o(.text), (110 bytes).

362 unused section(s) (total 13032 bytes) removed from the image.

==============================================================================

Image Symbol Table

    Local Symbols

    Symbol Name                              Value     Ov Type        Size  Object(Section)

    ../clib/../cmprslib/zerorunl2.c          0x00000000   Number         0  __dczerorl2.o ABSOLUTE
    ../clib/microlib/ctype/ctype.c           0x00000000   Number         0  isgraph_o.o ABSOLUTE
    ../clib/microlib/ctype/ctype.c           0x00000000   Number         0  isxdigit_o.o ABSOLUTE
    ../clib/microlib/ctype/ctype.c           0x00000000   Number         0  isspace_o.o ABSOLUTE
    ../clib/microlib/ctype/ctype.c           0x00000000   Number         0  ctype_o.o ABSOLUTE
    ../clib/microlib/ctype/ctype.c           0x00000000   Number         0  ispunct_o.o ABSOLUTE
    ../clib/microlib/ctype/ctype.c           0x00000000   Number         0  isprint_o.o ABSOLUTE
    ../clib/microlib/ctype/ctype.c           0x00000000   Number         0  islower_o.o ABSOLUTE
    ../clib/microlib/ctype/ctype.c           0x00000000   Number         0  isalpha_o.o ABSOLUTE
    ../clib/microlib/ctype/ctype.c           0x00000000   Number         0  isdigit_o.o ABSOLUTE
    ../clib/microlib/ctype/ctype.c           0x00000000   Number         0  isupper_o.o ABSOLUTE
    ../clib/microlib/ctype/ctype.c           0x00000000   Number         0  isalnum_o.o ABSOLUTE
    ../clib/microlib/ctype/ctype.c           0x00000000   Number         0  iscntrl_o.o ABSOLUTE
    ../clib/microlib/ctype/ctype.c           0x00000000   Number         0  isblank_o.o ABSOLUTE
    ../clib/microlib/division.c              0x00000000   Number         0  uldiv.o ABSOLUTE
    ../clib/microlib/division.c              0x00000000   Number         0  uidiv.o ABSOLUTE
    ../clib/microlib/errno.c                 0x00000000   Number         0  errno.o ABSOLUTE
    ../clib/microlib/init/entry.s            0x00000000   Number         0  entry11a.o ABSOLUTE
    ../clib/microlib/init/entry.s            0x00000000   Number         0  entry8a.o ABSOLUTE
    ../clib/microlib/init/entry.s            0x00000000   Number         0  entry11b.o ABSOLUTE
    ../clib/microlib/init/entry.s            0x00000000   Number         0  entry7b.o ABSOLUTE
    ../clib/microlib/init/entry.s            0x00000000   Number         0  entry7a.o ABSOLUTE
    ../clib/microlib/init/entry.s            0x00000000   Number         0  entry5.o ABSOLUTE
    ../clib/microlib/init/entry.s            0x00000000   Number         0  entry2.o ABSOLUTE
    ../clib/microlib/init/entry.s            0x00000000   Number         0  entry.o ABSOLUTE
    ../clib/microlib/init/entry.s            0x00000000   Number         0  entry10a.o ABSOLUTE
    ../clib/microlib/init/entry.s            0x00000000   Number         0  entry9b.o ABSOLUTE
    ../clib/microlib/init/entry.s            0x00000000   Number         0  entry9a.o ABSOLUTE
    ../clib/microlib/init/entry.s            0x00000000   Number         0  entry10b.o ABSOLUTE
    ../clib/microlib/init/entry.s            0x00000000   Number         0  entry8b.o ABSOLUTE
    ../clib/microlib/longlong.c              0x00000000   Number         0  llsshr.o ABSOLUTE
    ../clib/microlib/longlong.c              0x00000000   Number         0  llshl.o ABSOLUTE
    ../clib/microlib/longlong.c              0x00000000   Number         0  llushr.o ABSOLUTE
    ../clib/microlib/printf/printf.c         0x00000000   Number         0  printfa.o ABSOLUTE
    ../clib/microlib/printf/printf.c         0x00000000   Number         0  printf4.o ABSOLUTE
    ../clib/microlib/printf/printf.c         0x00000000   Number         0  printf6.o ABSOLUTE
    ../clib/microlib/printf/printf.c         0x00000000   Number         0  printf8.o ABSOLUTE
    ../clib/microlib/printf/printf.c         0x00000000   Number         0  printf2.o ABSOLUTE
    ../clib/microlib/printf/printf.c         0x00000000   Number         0  printf7.o ABSOLUTE
    ../clib/microlib/printf/printf.c         0x00000000   Number         0  printf3.o ABSOLUTE
    ../clib/microlib/printf/printf.c         0x00000000   Number         0  printf0.o ABSOLUTE
    ../clib/microlib/printf/printf.c         0x00000000   Number         0  printfb.o ABSOLUTE
    ../clib/microlib/printf/printf.c         0x00000000   Number         0  printf5.o ABSOLUTE
    ../clib/microlib/printf/printf.c         0x00000000   Number         0  printf1.o ABSOLUTE
    ../clib/microlib/printf/stubs.s          0x00000000   Number         0  stubs.o ABSOLUTE
    ../clib/microlib/stdio/streams.c         0x00000000   Number         0  stdout.o ABSOLUTE
    ../clib/microlib/string/memset.c         0x00000000   Number         0  memseta.o ABSOLUTE
    ../clib/microlib/string/strcmp.c         0x00000000   Number         0  strcmp.o ABSOLUTE
    ../clib/microlib/string/strcpy.c         0x00000000   Number         0  strcpy.o ABSOLUTE
    ../clib/microlib/string/strtok.c         0x00000000   Number         0  strtok.o ABSOLUTE
    ../clib/microlib/string/strtok.c         0x00000000   Number         0  strtok_r.o ABSOLUTE
    ../clib/microlib/stubs.s                 0x00000000   Number         0  iusefp.o ABSOLUTE
    ../clib/scanf.c                          0x00000000   Number         0  atoi.o ABSOLUTE
    ../clib/scanf.c                          0x00000000   Number         0  strtol.o ABSOLUTE
    ../clib/scanf.c                          0x00000000   Number         0  _strtoul.o ABSOLUTE
    ../clib/scanf.c                          0x00000000   Number         0  _chval.o ABSOLUTE
    ../fplib/microlib/d2f.c                  0x00000000   Number         0  d2f.o ABSOLUTE
    ../fplib/microlib/f2d.c                  0x00000000   Number         0  f2d.o ABSOLUTE
    ../fplib/microlib/fpadd.c                0x00000000   Number         0  dadd.o ABSOLUTE
    ../fplib/microlib/fpdiv.c                0x00000000   Number         0  ddiv.o ABSOLUTE
    ../fplib/microlib/fpepilogue.c           0x00000000   Number         0  fepilogue.o ABSOLUTE
    ../fplib/microlib/fpepilogue.c           0x00000000   Number         0  depilogue.o ABSOLUTE
    ../fplib/microlib/fpfix.c                0x00000000   Number         0  dfixul.o ABSOLUTE
    ../fplib/microlib/fpflt.c                0x00000000   Number         0  dfltui.o ABSOLUTE
    ../fplib/microlib/fpmul.c                0x00000000   Number         0  dmul.o ABSOLUTE
    ..\CMSIS\startup_stm32f40_41xxx.s        0x00000000   Number         0  startup_stm32f40_41xxx.o ABSOLUTE
    ..\CMSIS\system_stm32f4xx.c              0x00000000   Number         0  system_stm32f4xx.o ABSOLUTE
    ..\MCode\BEEP\beep.c                     0x00000000   Number         0  beep.o ABSOLUTE
    ..\MCode\DELAY\delay.c                   0x00000000   Number         0  delay.o ABSOLUTE
    ..\MCode\DHT11\DHT11.c                   0x00000000   Number         0  dht11.o ABSOLUTE
    ..\MCode\HCSR04\hcsr04.c                 0x00000000   Number         0  hcsr04.o ABSOLUTE
    ..\MCode\IIC\IIC.c                       0x00000000   Number         0  iic.o ABSOLUTE
    ..\MCode\KEY\key.c                       0x00000000   Number         0  key.o ABSOLUTE
    ..\MCode\LED\led.c                       0x00000000   Number         0  led.o ABSOLUTE
    ..\MCode\OLED\oled.c                     0x00000000   Number         0  oled.o ABSOLUTE
    ..\MCode\TIM\tim.c                       0x00000000   Number         0  tim.o ABSOLUTE
    ..\MCode\USART\usart.c                   0x00000000   Number         0  usart.o ABSOLUTE
    ..\StdPeriph_Driver\src\misc.c           0x00000000   Number         0  misc.o ABSOLUTE
    ..\StdPeriph_Driver\src\stm32f4xx_exti.c 0x00000000   Number         0  stm32f4xx_exti.o ABSOLUTE
    ..\StdPeriph_Driver\src\stm32f4xx_gpio.c 0x00000000   Number         0  stm32f4xx_gpio.o ABSOLUTE
    ..\StdPeriph_Driver\src\stm32f4xx_i2c.c  0x00000000   Number         0  stm32f4xx_i2c.o ABSOLUTE
    ..\StdPeriph_Driver\src\stm32f4xx_iwdg.c 0x00000000   Number         0  stm32f4xx_iwdg.o ABSOLUTE
    ..\StdPeriph_Driver\src\stm32f4xx_pwr.c  0x00000000   Number         0  stm32f4xx_pwr.o ABSOLUTE
    ..\StdPeriph_Driver\src\stm32f4xx_rcc.c  0x00000000   Number         0  stm32f4xx_rcc.o ABSOLUTE
    ..\StdPeriph_Driver\src\stm32f4xx_rtc.c  0x00000000   Number         0  stm32f4xx_rtc.o ABSOLUTE
    ..\StdPeriph_Driver\src\stm32f4xx_syscfg.c 0x00000000   Number         0  stm32f4xx_syscfg.o ABSOLUTE
    ..\StdPeriph_Driver\src\stm32f4xx_tim.c  0x00000000   Number         0  stm32f4xx_tim.o ABSOLUTE
    ..\StdPeriph_Driver\src\stm32f4xx_usart.c 0x00000000   Number         0  stm32f4xx_usart.o ABSOLUTE
    ..\USER\main.c                           0x00000000   Number         0  main.o ABSOLUTE
    ..\\CMSIS\\system_stm32f4xx.c            0x00000000   Number         0  system_stm32f4xx.o ABSOLUTE
    ..\\MCode\\BEEP\\beep.c                  0x00000000   Number         0  beep.o ABSOLUTE
    ..\\MCode\\DELAY\\delay.c                0x00000000   Number         0  delay.o ABSOLUTE
    ..\\MCode\\DHT11\\DHT11.c                0x00000000   Number         0  dht11.o ABSOLUTE
    ..\\MCode\\HCSR04\\hcsr04.c              0x00000000   Number         0  hcsr04.o ABSOLUTE
    ..\\MCode\\IIC\\IIC.c                    0x00000000   Number         0  iic.o ABSOLUTE
    ..\\MCode\\KEY\\key.c                    0x00000000   Number         0  key.o ABSOLUTE
    ..\\MCode\\LED\\led.c                    0x00000000   Number         0  led.o ABSOLUTE
    ..\\MCode\\OLED\\oled.c                  0x00000000   Number         0  oled.o ABSOLUTE
    ..\\MCode\\TIM\\tim.c                    0x00000000   Number         0  tim.o ABSOLUTE
    ..\\MCode\\USART\\usart.c                0x00000000   Number         0  usart.o ABSOLUTE
    ..\\StdPeriph_Driver\\src\\misc.c        0x00000000   Number         0  misc.o ABSOLUTE
    ..\\StdPeriph_Driver\\src\\stm32f4xx_exti.c 0x00000000   Number         0  stm32f4xx_exti.o ABSOLUTE
    ..\\StdPeriph_Driver\\src\\stm32f4xx_gpio.c 0x00000000   Number         0  stm32f4xx_gpio.o ABSOLUTE
    ..\\StdPeriph_Driver\\src\\stm32f4xx_i2c.c 0x00000000   Number         0  stm32f4xx_i2c.o ABSOLUTE
    ..\\StdPeriph_Driver\\src\\stm32f4xx_iwdg.c 0x00000000   Number         0  stm32f4xx_iwdg.o ABSOLUTE
    ..\\StdPeriph_Driver\\src\\stm32f4xx_pwr.c 0x00000000   Number         0  stm32f4xx_pwr.o ABSOLUTE
    ..\\StdPeriph_Driver\\src\\stm32f4xx_rcc.c 0x00000000   Number         0  stm32f4xx_rcc.o ABSOLUTE
    ..\\StdPeriph_Driver\\src\\stm32f4xx_rtc.c 0x00000000   Number         0  stm32f4xx_rtc.o ABSOLUTE
    ..\\StdPeriph_Driver\\src\\stm32f4xx_syscfg.c 0x00000000   Number         0  stm32f4xx_syscfg.o ABSOLUTE
    ..\\StdPeriph_Driver\\src\\stm32f4xx_tim.c 0x00000000   Number         0  stm32f4xx_tim.o ABSOLUTE
    ..\\StdPeriph_Driver\\src\\stm32f4xx_usart.c 0x00000000   Number         0  stm32f4xx_usart.o ABSOLUTE
    ..\\USER\\main.c                         0x00000000   Number         0  main.o ABSOLUTE
    cdrcmple.s                               0x00000000   Number         0  cdrcmple.o ABSOLUTE
    dc.s                                     0x00000000   Number         0  dc.o ABSOLUTE
    handlers.s                               0x00000000   Number         0  handlers.o ABSOLUTE
    init.s                                   0x00000000   Number         0  init.o ABSOLUTE
    RESET                                    0x08000000   Section      392  startup_stm32f40_41xxx.o(RESET)
    .ARM.Collect$$$$00000000                 0x08000188   Section        0  entry.o(.ARM.Collect$$$$00000000)
    .ARM.Collect$$$$00000001                 0x08000188   Section        4  entry2.o(.ARM.Collect$$$$00000001)
    .ARM.Collect$$$$00000004                 0x0800018c   Section        4  entry5.o(.ARM.Collect$$$$00000004)
    .ARM.Collect$$$$00000008                 0x08000190   Section        0  entry7b.o(.ARM.Collect$$$$00000008)
    .ARM.Collect$$$$0000000A                 0x08000190   Section        0  entry8b.o(.ARM.Collect$$$$0000000A)
    .ARM.Collect$$$$0000000B                 0x08000190   Section        8  entry9a.o(.ARM.Collect$$$$0000000B)
    .ARM.Collect$$$$0000000D                 0x08000198   Section        0  entry10a.o(.ARM.Collect$$$$0000000D)
    .ARM.Collect$$$$0000000F                 0x08000198   Section        0  entry11a.o(.ARM.Collect$$$$0000000F)
    .ARM.Collect$$$$00002712                 0x08000198   Section        4  entry2.o(.ARM.Collect$$$$00002712)
    __lit__00000000                          0x08000198   Data           4  entry2.o(.ARM.Collect$$$$00002712)
    .text                                    0x0800019c   Section       36  startup_stm32f40_41xxx.o(.text)
    $v0                                      0x0800019c   Number         0  startup_stm32f40_41xxx.o(.text)
    .text                                    0x080001c0   Section        0  memseta.o(.text)
    .text                                    0x080001e4   Section        0  strcmp.o(.text)
    .text                                    0x08000200   Section        0  strcpy.o(.text)
    .text                                    0x08000214   Section        0  strtok.o(.text)
    .text                                    0x08000258   Section        0  atoi.o(.text)
    .text                                    0x08000272   Section        0  dmul.o(.text)
    .text                                    0x08000356   Section        0  f2d.o(.text)
    .text                                    0x0800037c   Section        0  uidiv.o(.text)
    .text                                    0x080003a8   Section        0  uldiv.o(.text)
    .text                                    0x0800040a   Section        0  strtol.o(.text)
    .text                                    0x0800047a   Section        0  iusefp.o(.text)
    .text                                    0x0800047a   Section        0  depilogue.o(.text)
    .text                                    0x08000534   Section        0  dadd.o(.text)
    .text                                    0x08000682   Section        0  ddiv.o(.text)
    .text                                    0x08000760   Section        0  dfixul.o(.text)
    .text                                    0x08000790   Section       48  cdrcmple.o(.text)
    .text                                    0x080007c0   Section       36  init.o(.text)
    .text                                    0x080007e4   Section        0  llshl.o(.text)
    .text                                    0x08000802   Section        0  llushr.o(.text)
    .text                                    0x08000822   Section        0  llsshr.o(.text)
    .text                                    0x08000848   Section        0  ctype_o.o(.text)
    .text                                    0x08000850   Section        0  _strtoul.o(.text)
    .text                                    0x080008ee   Section        0  _chval.o(.text)
    .text                                    0x0800090a   Section        0  __dczerorl2.o(.text)
    i.DHT11_GetVal                           0x08000960   Section        0  dht11.o(i.DHT11_GetVal)
    i.DHT11_Init                             0x080009a4   Section        0  dht11.o(i.DHT11_Init)
    i.DHT11_ReadBit                          0x080009e4   Section        0  dht11.o(i.DHT11_ReadBit)
    i.DHT11_ReadByte                         0x08000a40   Section        0  dht11.o(i.DHT11_ReadByte)
    i.DHT11_SetInputMode                     0x08000a60   Section        0  dht11.o(i.DHT11_SetInputMode)
    i.DHT11_Start                            0x08000a88   Section        0  dht11.o(i.DHT11_Start)
    i.DHT11_WaitAck                          0x08000ab8   Section        0  dht11.o(i.DHT11_WaitAck)
    i.EXTI2_IRQHandler                       0x08000b10   Section        0  key.o(i.EXTI2_IRQHandler)
    i.EXTI_ClearITPendingBit                 0x08000b3c   Section        0  stm32f4xx_exti.o(i.EXTI_ClearITPendingBit)
    i.EXTI_Init                              0x08000b48   Section        0  stm32f4xx_exti.o(i.EXTI_Init)
    i.GPIO_Init                              0x08000bdc   Section        0  stm32f4xx_gpio.o(i.GPIO_Init)
    i.GPIO_PinAFConfig                       0x08000c6c   Section        0  stm32f4xx_gpio.o(i.GPIO_PinAFConfig)
    i.GPIO_ReadInputDataBit                  0x08000cb2   Section        0  stm32f4xx_gpio.o(i.GPIO_ReadInputDataBit)
    i.GPIO_ResetBits                         0x08000cc4   Section        0  stm32f4xx_gpio.o(i.GPIO_ResetBits)
    i.GPIO_SetBits                           0x08000cc8   Section        0  stm32f4xx_gpio.o(i.GPIO_SetBits)
    i.GPIO_ToggleBits                        0x08000ccc   Section        0  stm32f4xx_gpio.o(i.GPIO_ToggleBits)
    i.GPIO_WriteBit                          0x08000cd4   Section        0  stm32f4xx_gpio.o(i.GPIO_WriteBit)
    i.Get_Tem_DATA                           0x08000ce0   Section        0  iic.o(i.Get_Tem_DATA)
    i.IIC_Ack                                0x08000d7c   Section        0  iic.o(i.IIC_Ack)
    i.IIC_NAck                               0x08000dcc   Section        0  iic.o(i.IIC_NAck)
    i.IIC_Read_Byte                          0x08000e1c   Section        0  iic.o(i.IIC_Read_Byte)
    i.IIC_SDAInputMode                       0x08000e88   Section        0  oled.o(i.IIC_SDAInputMode)
    i.IIC_SDAOutputMode                      0x08000eb4   Section        0  oled.o(i.IIC_SDAOutputMode)
    i.IIC_SendBytes                          0x08000eec   Section        0  oled.o(i.IIC_SendBytes)
    i.IIC_Send_Byte                          0x08000f68   Section        0  iic.o(i.IIC_Send_Byte)
    i.IIC_Start                              0x08000fd0   Section        0  iic.o(i.IIC_Start)
    i.IIC_StartSignal                        0x0800102c   Section        0  oled.o(i.IIC_StartSignal)
    i.IIC_Stop                               0x08001070   Section        0  iic.o(i.IIC_Stop)
    i.IIC_StopSignal                         0x080010cc   Section        0  oled.o(i.IIC_StopSignal)
    i.IIC_WaitAck                            0x08001110   Section        0  oled.o(i.IIC_WaitAck)
    i.IIC_Wait_Ack                           0x08001168   Section        0  iic.o(i.IIC_Wait_Ack)
    i.IIC_red_Init                           0x080011cc   Section        0  iic.o(i.IIC_red_Init)
    i.NVIC_Init                              0x08001218   Section        0  misc.o(i.NVIC_Init)
    i.NVIC_PriorityGroupConfig               0x08001290   Section        0  misc.o(i.NVIC_PriorityGroupConfig)
    i.OLED_Clear                             0x080012a4   Section        0  oled.o(i.OLED_Clear)
    i.OLED_Init                              0x080012e4   Section        0  oled.o(i.OLED_Init)
    i.OLED_Set_Pos                           0x08001428   Section        0  oled.o(i.OLED_Set_Pos)
    i.OLED_ShowCHinese                       0x08001450   Section        0  oled.o(i.OLED_ShowCHinese)
    i.OLED_ShowChar                          0x080014b8   Section        0  oled.o(i.OLED_ShowChar)
    i.OLED_ShowString                        0x0800155c   Section        0  oled.o(i.OLED_ShowString)
    i.OLED_WR_Byte                           0x08001596   Section        0  oled.o(i.OLED_WR_Byte)
    i.PWR_BackupAccessCmd                    0x080015b0   Section        0  stm32f4xx_pwr.o(i.PWR_BackupAccessCmd)
    i.RCC_AHB1PeriphClockCmd                 0x080015bc   Section        0  stm32f4xx_rcc.o(i.RCC_AHB1PeriphClockCmd)
    i.RCC_APB1PeriphClockCmd                 0x080015dc   Section        0  stm32f4xx_rcc.o(i.RCC_APB1PeriphClockCmd)
    i.RCC_APB2PeriphClockCmd                 0x080015fc   Section        0  stm32f4xx_rcc.o(i.RCC_APB2PeriphClockCmd)
    i.RCC_GetClocksFreq                      0x0800161c   Section        0  stm32f4xx_rcc.o(i.RCC_GetClocksFreq)
    i.RCC_GetFlagStatus                      0x08001704   Section        0  stm32f4xx_rcc.o(i.RCC_GetFlagStatus)
    i.RCC_LSEConfig                          0x08001744   Section        0  stm32f4xx_rcc.o(i.RCC_LSEConfig)
    i.RCC_RTCCLKCmd                          0x08001770   Section        0  stm32f4xx_rcc.o(i.RCC_RTCCLKCmd)
    i.RCC_RTCCLKConfig                       0x0800177c   Section        0  stm32f4xx_rcc.o(i.RCC_RTCCLKConfig)
    i.RTC_Bcd2ToByte                         0x080017b8   Section        0  stm32f4xx_rtc.o(i.RTC_Bcd2ToByte)
    RTC_Bcd2ToByte                           0x080017b9   Thumb Code    22  stm32f4xx_rtc.o(i.RTC_Bcd2ToByte)
    i.RTC_ByteToBcd2                         0x080017ce   Section        0  stm32f4xx_rtc.o(i.RTC_ByteToBcd2)
    RTC_ByteToBcd2                           0x080017cf   Thumb Code    28  stm32f4xx_rtc.o(i.RTC_ByteToBcd2)
    i.RTC_ClearITPendingBit                  0x080017ec   Section        0  stm32f4xx_rtc.o(i.RTC_ClearITPendingBit)
    i.RTC_Config                             0x0800180c   Section        0  main.o(i.RTC_Config)
    i.RTC_EnterInitMode                      0x080018e0   Section        0  stm32f4xx_rtc.o(i.RTC_EnterInitMode)
    i.RTC_ExitInitMode                       0x08001930   Section        0  stm32f4xx_rtc.o(i.RTC_ExitInitMode)
    i.RTC_GetITStatus                        0x08001944   Section        0  stm32f4xx_rtc.o(i.RTC_GetITStatus)
    i.RTC_GetTime                            0x08001984   Section        0  stm32f4xx_rtc.o(i.RTC_GetTime)
    i.RTC_ITConfig                           0x080019d4   Section        0  stm32f4xx_rtc.o(i.RTC_ITConfig)
    i.RTC_Init                               0x08001a38   Section        0  stm32f4xx_rtc.o(i.RTC_Init)
    i.RTC_SetTime                            0x08001a9c   Section        0  stm32f4xx_rtc.o(i.RTC_SetTime)
    i.RTC_SetWakeUpCounter                   0x08001b6c   Section        0  stm32f4xx_rtc.o(i.RTC_SetWakeUpCounter)
    i.RTC_WKUP_IRQHandler                    0x08001b88   Section        0  main.o(i.RTC_WKUP_IRQHandler)
    i.RTC_WaitForSynchro                     0x08001bb0   Section        0  stm32f4xx_rtc.o(i.RTC_WaitForSynchro)
    i.RTC_WakeUpClockConfig                  0x08001c10   Section        0  stm32f4xx_rtc.o(i.RTC_WakeUpClockConfig)
    i.RTC_WakeUpCmd                          0x08001c40   Section        0  stm32f4xx_rtc.o(i.RTC_WakeUpCmd)
    i.SetSysClock                            0x08001cb8   Section        0  system_stm32f4xx.o(i.SetSysClock)
    SetSysClock                              0x08001cb9   Thumb Code   220  system_stm32f4xx.o(i.SetSysClock)
    i.SystemInit                             0x08001da4   Section        0  system_stm32f4xx.o(i.SystemInit)
    i.TIM6_DAC_IRQHandler                    0x08001e0c   Section        0  tim.o(i.TIM6_DAC_IRQHandler)
    i.USART1_IRQHandler                      0x08001e34   Section        0  main.o(i.USART1_IRQHandler)
    i.USART1_Init                            0x08001fb4   Section        0  usart.o(i.USART1_Init)
    i.USART_Cmd                              0x08002068   Section        0  stm32f4xx_usart.o(i.USART_Cmd)
    i.USART_ITConfig                         0x08002080   Section        0  stm32f4xx_usart.o(i.USART_ITConfig)
    i.USART_Init                             0x080020cc   Section        0  stm32f4xx_usart.o(i.USART_Init)
    i.USART_OverSampling8Cmd                 0x080021a0   Section        0  stm32f4xx_usart.o(i.USART_OverSampling8Cmd)
    i.Write_IIC_Command                      0x080021b6   Section        0  oled.o(i.Write_IIC_Command)
    i.Write_IIC_Data                         0x080021e2   Section        0  oled.o(i.Write_IIC_Data)
    i.__0printf                              0x08002210   Section        0  printfa.o(i.__0printf)
    i.__0sprintf                             0x08002230   Section        0  printfa.o(i.__0sprintf)
    i.__aeabi_errno_addr                     0x08002258   Section        0  errno.o(i.__aeabi_errno_addr)
    i.__scatterload_copy                     0x08002260   Section       14  handlers.o(i.__scatterload_copy)
    i.__scatterload_null                     0x0800226e   Section        2  handlers.o(i.__scatterload_null)
    i.__scatterload_zeroinit                 0x08002270   Section       14  handlers.o(i.__scatterload_zeroinit)
    i._fp_digits                             0x08002280   Section        0  printfa.o(i._fp_digits)
    _fp_digits                               0x08002281   Thumb Code   366  printfa.o(i._fp_digits)
    i._printf_core                           0x08002404   Section        0  printfa.o(i._printf_core)
    _printf_core                             0x08002405   Thumb Code  1744  printfa.o(i._printf_core)
    i._printf_post_padding                   0x08002ae0   Section        0  printfa.o(i._printf_post_padding)
    _printf_post_padding                     0x08002ae1   Thumb Code    36  printfa.o(i._printf_post_padding)
    i._printf_pre_padding                    0x08002b04   Section        0  printfa.o(i._printf_pre_padding)
    _printf_pre_padding                      0x08002b05   Thumb Code    46  printfa.o(i._printf_pre_padding)
    i._sputc                                 0x08002b32   Section        0  printfa.o(i._sputc)
    _sputc                                   0x08002b33   Thumb Code    10  printfa.o(i._sputc)
    i.decimal_bcd_code                       0x08002b3c   Section        0  main.o(i.decimal_bcd_code)
    i.delay                                  0x08002b64   Section        0  delay.o(i.delay)
    i.delay_ms                               0x08002b7e   Section        0  delay.o(i.delay_ms)
    i.delay_us                               0x08002bc8   Section        0  delay.o(i.delay_us)
    i.fputc                                  0x08002c14   Section        0  usart.o(i.fputc)
    i.main                                   0x08002c30   Section        0  main.o(i.main)
    .constdata                               0x08002d58   Section     2072  oled.o(.constdata)
    .constdata                               0x08003570   Section      129  ctype_o.o(.constdata)
    .constdata                               0x080035f4   Section        4  ctype_o.o(.constdata)
    table                                    0x080035f4   Data           4  ctype_o.o(.constdata)
    .data                                    0x20000000   Section       16  stm32f4xx_rcc.o(.data)
    APBAHBPrescTable                         0x20000000   Data          16  stm32f4xx_rcc.o(.data)
    .data                                    0x20000010   Section       36  main.o(.data)
    i                                        0x20000030   Data           4  main.o(.data)
    .data                                    0x20000034   Section      256  oled.o(.data)
    .data                                    0x20000134   Section        4  strtok.o(.data)
    state                                    0x20000134   Data           4  strtok.o(.data)
    .data                                    0x20000138   Section        4  stdout.o(.data)
    .data                                    0x2000013c   Section        4  errno.o(.data)
    _errno                                   0x2000013c   Data           4  errno.o(.data)
    .bss                                     0x20000140   Section       18  main.o(.bss)
    Rdata                                    0x20000140   Data          18  main.o(.bss)
    STACK                                    0x20000158   Section     1024  startup_stm32f40_41xxx.o(STACK)

    Global Symbols

    Symbol Name                              Value     Ov Type        Size  Object(Section)

    BuildAttributes$$THM_ISAv4$E$P$D$K$B$S$7EM$VFPi3$EXTD16$VFPS$VFMA$PE$A:L22UL41UL21$X:L11$S22US41US21$IEEE1$IW$USESV6$~STKCKD$USESV7$~SHL$OTIME$ROPI$EBA8$MICROLIB$REQ8$PRES8$EABIv2 0x00000000   Number         0  anon$$obj.o ABSOLUTE
    __ARM_use_no_argv                        0x00000000   Number         0  main.o ABSOLUTE
    _printf_a                                0x00000000   Number         0  stubs.o ABSOLUTE
    _printf_c                                0x00000000   Number         0  stubs.o ABSOLUTE
    _printf_charcount                        0x00000000   Number         0  stubs.o ABSOLUTE
    _printf_d                                0x00000000   Number         0  stubs.o ABSOLUTE
    _printf_e                                0x00000000   Number         0  stubs.o ABSOLUTE
    _printf_f                                0x00000000   Number         0  stubs.o ABSOLUTE
    _printf_flags                            0x00000000   Number         0  stubs.o ABSOLUTE
    _printf_fp_dec                           0x00000000   Number         0  stubs.o ABSOLUTE
    _printf_fp_hex                           0x00000000   Number         0  stubs.o ABSOLUTE
    _printf_g                                0x00000000   Number         0  stubs.o ABSOLUTE
    _printf_i                                0x00000000   Number         0  stubs.o ABSOLUTE
    _printf_int_dec                          0x00000000   Number         0  stubs.o ABSOLUTE
    _printf_l                                0x00000000   Number         0  stubs.o ABSOLUTE
    _printf_lc                               0x00000000   Number         0  stubs.o ABSOLUTE
    _printf_ll                               0x00000000   Number         0  stubs.o ABSOLUTE
    _printf_lld                              0x00000000   Number         0  stubs.o ABSOLUTE
    _printf_lli                              0x00000000   Number         0  stubs.o ABSOLUTE
    _printf_llo                              0x00000000   Number         0  stubs.o ABSOLUTE
    _printf_llu                              0x00000000   Number         0  stubs.o ABSOLUTE
    _printf_llx                              0x00000000   Number         0  stubs.o ABSOLUTE
    _printf_longlong_dec                     0x00000000   Number         0  stubs.o ABSOLUTE
    _printf_longlong_hex                     0x00000000   Number         0  stubs.o ABSOLUTE
    _printf_longlong_oct                     0x00000000   Number         0  stubs.o ABSOLUTE
    _printf_ls                               0x00000000   Number         0  stubs.o ABSOLUTE
    _printf_mbtowc                           0x00000000   Number         0  stubs.o ABSOLUTE
    _printf_n                                0x00000000   Number         0  stubs.o ABSOLUTE
    _printf_o                                0x00000000   Number         0  stubs.o ABSOLUTE
    _printf_p                                0x00000000   Number         0  stubs.o ABSOLUTE
    _printf_percent                          0x00000000   Number         0  stubs.o ABSOLUTE
    _printf_pre_padding                      0x00000000   Number         0  stubs.o ABSOLUTE
    _printf_return_value                     0x00000000   Number         0  stubs.o ABSOLUTE
    _printf_s                                0x00000000   Number         0  stubs.o ABSOLUTE
    _printf_sizespec                         0x00000000   Number         0  stubs.o ABSOLUTE
    _printf_str                              0x00000000   Number         0  stubs.o ABSOLUTE
    _printf_truncate_signed                  0x00000000   Number         0  stubs.o ABSOLUTE
    _printf_truncate_unsigned                0x00000000   Number         0  stubs.o ABSOLUTE
    _printf_u                                0x00000000   Number         0  stubs.o ABSOLUTE
    _printf_wc                               0x00000000   Number         0  stubs.o ABSOLUTE
    _printf_wctomb                           0x00000000   Number         0  stubs.o ABSOLUTE
    _printf_widthprec                        0x00000000   Number         0  stubs.o ABSOLUTE
    _printf_x                                0x00000000   Number         0  stubs.o ABSOLUTE
    __cpp_initialize__aeabi_                  - Undefined Weak Reference
    __cxa_finalize                            - Undefined Weak Reference
    _clock_init                               - Undefined Weak Reference
    _microlib_exit                            - Undefined Weak Reference
    __Vectors_Size                           0x00000188   Number         0  startup_stm32f40_41xxx.o ABSOLUTE
    __Vectors                                0x08000000   Data           4  startup_stm32f40_41xxx.o(RESET)
    __Vectors_End                            0x08000188   Data           0  startup_stm32f40_41xxx.o(RESET)
    __main                                   0x08000189   Thumb Code     0  entry.o(.ARM.Collect$$$$00000000)
    _main_stk                                0x08000189   Thumb Code     0  entry2.o(.ARM.Collect$$$$00000001)
    _main_scatterload                        0x0800018d   Thumb Code     0  entry5.o(.ARM.Collect$$$$00000004)
    __main_after_scatterload                 0x08000191   Thumb Code     0  entry5.o(.ARM.Collect$$$$00000004)
    _main_clock                              0x08000191   Thumb Code     0  entry7b.o(.ARM.Collect$$$$00000008)
    _main_cpp_init                           0x08000191   Thumb Code     0  entry8b.o(.ARM.Collect$$$$0000000A)
    _main_init                               0x08000191   Thumb Code     0  entry9a.o(.ARM.Collect$$$$0000000B)
    __rt_final_cpp                           0x08000199   Thumb Code     0  entry10a.o(.ARM.Collect$$$$0000000D)
    __rt_final_exit                          0x08000199   Thumb Code     0  entry11a.o(.ARM.Collect$$$$0000000F)
    Reset_Handler                            0x0800019d   Thumb Code     8  startup_stm32f40_41xxx.o(.text)
    NMI_Handler                              0x080001a5   Thumb Code     2  startup_stm32f40_41xxx.o(.text)
    HardFault_Handler                        0x080001a7   Thumb Code     2  startup_stm32f40_41xxx.o(.text)
    MemManage_Handler                        0x080001a9   Thumb Code     2  startup_stm32f40_41xxx.o(.text)
    BusFault_Handler                         0x080001ab   Thumb Code     2  startup_stm32f40_41xxx.o(.text)
    UsageFault_Handler                       0x080001ad   Thumb Code     2  startup_stm32f40_41xxx.o(.text)
    SVC_Handler                              0x080001af   Thumb Code     2  startup_stm32f40_41xxx.o(.text)
    DebugMon_Handler                         0x080001b1   Thumb Code     2  startup_stm32f40_41xxx.o(.text)
    PendSV_Handler                           0x080001b3   Thumb Code     2  startup_stm32f40_41xxx.o(.text)
    SysTick_Handler                          0x080001b5   Thumb Code     2  startup_stm32f40_41xxx.o(.text)
    ADC_IRQHandler                           0x080001b7   Thumb Code     0  startup_stm32f40_41xxx.o(.text)
    CAN1_RX0_IRQHandler                      0x080001b7   Thumb Code     0  startup_stm32f40_41xxx.o(.text)
    CAN1_RX1_IRQHandler                      0x080001b7   Thumb Code     0  startup_stm32f40_41xxx.o(.text)
    CAN1_SCE_IRQHandler                      0x080001b7   Thumb Code     0  startup_stm32f40_41xxx.o(.text)
    CAN1_TX_IRQHandler                       0x080001b7   Thumb Code     0  startup_stm32f40_41xxx.o(.text)
    CAN2_RX0_IRQHandler                      0x080001b7   Thumb Code     0  startup_stm32f40_41xxx.o(.text)
    CAN2_RX1_IRQHandler                      0x080001b7   Thumb Code     0  startup_stm32f40_41xxx.o(.text)
    CAN2_SCE_IRQHandler                      0x080001b7   Thumb Code     0  startup_stm32f40_41xxx.o(.text)
    CAN2_TX_IRQHandler                       0x080001b7   Thumb Code     0  startup_stm32f40_41xxx.o(.text)
    CRYP_IRQHandler                          0x080001b7   Thumb Code     0  startup_stm32f40_41xxx.o(.text)
    DCMI_IRQHandler                          0x080001b7   Thumb Code     0  startup_stm32f40_41xxx.o(.text)
    DMA1_Stream0_IRQHandler                  0x080001b7   Thumb Code     0  startup_stm32f40_41xxx.o(.text)
    DMA1_Stream1_IRQHandler                  0x080001b7   Thumb Code     0  startup_stm32f40_41xxx.o(.text)
    DMA1_Stream2_IRQHandler                  0x080001b7   Thumb Code     0  startup_stm32f40_41xxx.o(.text)
    DMA1_Stream3_IRQHandler                  0x080001b7   Thumb Code     0  startup_stm32f40_41xxx.o(.text)
    DMA1_Stream4_IRQHandler                  0x080001b7   Thumb Code     0  startup_stm32f40_41xxx.o(.text)
    DMA1_Stream5_IRQHandler                  0x080001b7   Thumb Code     0  startup_stm32f40_41xxx.o(.text)
    DMA1_Stream6_IRQHandler                  0x080001b7   Thumb Code     0  startup_stm32f40_41xxx.o(.text)
    DMA1_Stream7_IRQHandler                  0x080001b7   Thumb Code     0  startup_stm32f40_41xxx.o(.text)
    DMA2_Stream0_IRQHandler                  0x080001b7   Thumb Code     0  startup_stm32f40_41xxx.o(.text)
    DMA2_Stream1_IRQHandler                  0x080001b7   Thumb Code     0  startup_stm32f40_41xxx.o(.text)
    DMA2_Stream2_IRQHandler                  0x080001b7   Thumb Code     0  startup_stm32f40_41xxx.o(.text)
    DMA2_Stream3_IRQHandler                  0x080001b7   Thumb Code     0  startup_stm32f40_41xxx.o(.text)
    DMA2_Stream4_IRQHandler                  0x080001b7   Thumb Code     0  startup_stm32f40_41xxx.o(.text)
    DMA2_Stream5_IRQHandler                  0x080001b7   Thumb Code     0  startup_stm32f40_41xxx.o(.text)
    DMA2_Stream6_IRQHandler                  0x080001b7   Thumb Code     0  startup_stm32f40_41xxx.o(.text)
    DMA2_Stream7_IRQHandler                  0x080001b7   Thumb Code     0  startup_stm32f40_41xxx.o(.text)
    ETH_IRQHandler                           0x080001b7   Thumb Code     0  startup_stm32f40_41xxx.o(.text)
    ETH_WKUP_IRQHandler                      0x080001b7   Thumb Code     0  startup_stm32f40_41xxx.o(.text)
    EXTI0_IRQHandler                         0x080001b7   Thumb Code     0  startup_stm32f40_41xxx.o(.text)
    EXTI15_10_IRQHandler                     0x080001b7   Thumb Code     0  startup_stm32f40_41xxx.o(.text)
    EXTI1_IRQHandler                         0x080001b7   Thumb Code     0  startup_stm32f40_41xxx.o(.text)
    EXTI3_IRQHandler                         0x080001b7   Thumb Code     0  startup_stm32f40_41xxx.o(.text)
    EXTI4_IRQHandler                         0x080001b7   Thumb Code     0  startup_stm32f40_41xxx.o(.text)
    EXTI9_5_IRQHandler                       0x080001b7   Thumb Code     0  startup_stm32f40_41xxx.o(.text)
    FLASH_IRQHandler                         0x080001b7   Thumb Code     0  startup_stm32f40_41xxx.o(.text)
    FPU_IRQHandler                           0x080001b7   Thumb Code     0  startup_stm32f40_41xxx.o(.text)
    FSMC_IRQHandler                          0x080001b7   Thumb Code     0  startup_stm32f40_41xxx.o(.text)
    HASH_RNG_IRQHandler                      0x080001b7   Thumb Code     0  startup_stm32f40_41xxx.o(.text)
    I2C1_ER_IRQHandler                       0x080001b7   Thumb Code     0  startup_stm32f40_41xxx.o(.text)
    I2C1_EV_IRQHandler                       0x080001b7   Thumb Code     0  startup_stm32f40_41xxx.o(.text)
    I2C2_ER_IRQHandler                       0x080001b7   Thumb Code     0  startup_stm32f40_41xxx.o(.text)
    I2C2_EV_IRQHandler                       0x080001b7   Thumb Code     0  startup_stm32f40_41xxx.o(.text)
    I2C3_ER_IRQHandler                       0x080001b7   Thumb Code     0  startup_stm32f40_41xxx.o(.text)
    I2C3_EV_IRQHandler                       0x080001b7   Thumb Code     0  startup_stm32f40_41xxx.o(.text)
    OTG_FS_IRQHandler                        0x080001b7   Thumb Code     0  startup_stm32f40_41xxx.o(.text)
    OTG_FS_WKUP_IRQHandler                   0x080001b7   Thumb Code     0  startup_stm32f40_41xxx.o(.text)
    OTG_HS_EP1_IN_IRQHandler                 0x080001b7   Thumb Code     0  startup_stm32f40_41xxx.o(.text)
    OTG_HS_EP1_OUT_IRQHandler                0x080001b7   Thumb Code     0  startup_stm32f40_41xxx.o(.text)
    OTG_HS_IRQHandler                        0x080001b7   Thumb Code     0  startup_stm32f40_41xxx.o(.text)
    OTG_HS_WKUP_IRQHandler                   0x080001b7   Thumb Code     0  startup_stm32f40_41xxx.o(.text)
    PVD_IRQHandler                           0x080001b7   Thumb Code     0  startup_stm32f40_41xxx.o(.text)
    RCC_IRQHandler                           0x080001b7   Thumb Code     0  startup_stm32f40_41xxx.o(.text)
    RTC_Alarm_IRQHandler                     0x080001b7   Thumb Code     0  startup_stm32f40_41xxx.o(.text)
    SDIO_IRQHandler                          0x080001b7   Thumb Code     0  startup_stm32f40_41xxx.o(.text)
    SPI1_IRQHandler                          0x080001b7   Thumb Code     0  startup_stm32f40_41xxx.o(.text)
    SPI2_IRQHandler                          0x080001b7   Thumb Code     0  startup_stm32f40_41xxx.o(.text)
    SPI3_IRQHandler                          0x080001b7   Thumb Code     0  startup_stm32f40_41xxx.o(.text)
    TAMP_STAMP_IRQHandler                    0x080001b7   Thumb Code     0  startup_stm32f40_41xxx.o(.text)
    TIM1_BRK_TIM9_IRQHandler                 0x080001b7   Thumb Code     0  startup_stm32f40_41xxx.o(.text)
    TIM1_CC_IRQHandler                       0x080001b7   Thumb Code     0  startup_stm32f40_41xxx.o(.text)
    TIM1_TRG_COM_TIM11_IRQHandler            0x080001b7   Thumb Code     0  startup_stm32f40_41xxx.o(.text)
    TIM1_UP_TIM10_IRQHandler                 0x080001b7   Thumb Code     0  startup_stm32f40_41xxx.o(.text)
    TIM2_IRQHandler                          0x080001b7   Thumb Code     0  startup_stm32f40_41xxx.o(.text)
    TIM3_IRQHandler                          0x080001b7   Thumb Code     0  startup_stm32f40_41xxx.o(.text)
    TIM4_IRQHandler                          0x080001b7   Thumb Code     0  startup_stm32f40_41xxx.o(.text)
    TIM5_IRQHandler                          0x080001b7   Thumb Code     0  startup_stm32f40_41xxx.o(.text)
    TIM7_IRQHandler                          0x080001b7   Thumb Code     0  startup_stm32f40_41xxx.o(.text)
    TIM8_BRK_TIM12_IRQHandler                0x080001b7   Thumb Code     0  startup_stm32f40_41xxx.o(.text)
    TIM8_CC_IRQHandler                       0x080001b7   Thumb Code     0  startup_stm32f40_41xxx.o(.text)
    TIM8_TRG_COM_TIM14_IRQHandler            0x080001b7   Thumb Code     0  startup_stm32f40_41xxx.o(.text)
    TIM8_UP_TIM13_IRQHandler                 0x080001b7   Thumb Code     0  startup_stm32f40_41xxx.o(.text)
    UART4_IRQHandler                         0x080001b7   Thumb Code     0  startup_stm32f40_41xxx.o(.text)
    UART5_IRQHandler                         0x080001b7   Thumb Code     0  startup_stm32f40_41xxx.o(.text)
    USART2_IRQHandler                        0x080001b7   Thumb Code     0  startup_stm32f40_41xxx.o(.text)
    USART3_IRQHandler                        0x080001b7   Thumb Code     0  startup_stm32f40_41xxx.o(.text)
    USART6_IRQHandler                        0x080001b7   Thumb Code     0  startup_stm32f40_41xxx.o(.text)
    WWDG_IRQHandler                          0x080001b7   Thumb Code     0  startup_stm32f40_41xxx.o(.text)
    __aeabi_memset                           0x080001c1   Thumb Code    14  memseta.o(.text)
    __aeabi_memset4                          0x080001c1   Thumb Code     0  memseta.o(.text)
    __aeabi_memset8                          0x080001c1   Thumb Code     0  memseta.o(.text)
    __aeabi_memclr                           0x080001cf   Thumb Code     4  memseta.o(.text)
    __aeabi_memclr4                          0x080001cf   Thumb Code     0  memseta.o(.text)
    __aeabi_memclr8                          0x080001cf   Thumb Code     0  memseta.o(.text)
    _memset$wrapper                          0x080001d3   Thumb Code    18  memseta.o(.text)
    strcmp                                   0x080001e5   Thumb Code    28  strcmp.o(.text)
    strcpy                                   0x08000201   Thumb Code    18  strcpy.o(.text)
    strtok                                   0x08000215   Thumb Code    62  strtok.o(.text)
    atoi                                     0x08000259   Thumb Code    26  atoi.o(.text)
    __aeabi_dmul                             0x08000273   Thumb Code   228  dmul.o(.text)
    __aeabi_f2d                              0x08000357   Thumb Code    38  f2d.o(.text)
    __aeabi_uidiv                            0x0800037d   Thumb Code     0  uidiv.o(.text)
    __aeabi_uidivmod                         0x0800037d   Thumb Code    44  uidiv.o(.text)
    __aeabi_uldivmod                         0x080003a9   Thumb Code    98  uldiv.o(.text)
    strtol                                   0x0800040b   Thumb Code   112  strtol.o(.text)
    __I$use$fp                               0x0800047b   Thumb Code     0  iusefp.o(.text)
    _double_round                            0x0800047b   Thumb Code    30  depilogue.o(.text)
    _double_epilogue                         0x08000499   Thumb Code   156  depilogue.o(.text)
    __aeabi_dadd                             0x08000535   Thumb Code   322  dadd.o(.text)
    __aeabi_dsub                             0x08000677   Thumb Code     6  dadd.o(.text)
    __aeabi_drsub                            0x0800067d   Thumb Code     6  dadd.o(.text)
    __aeabi_ddiv                             0x08000683   Thumb Code   222  ddiv.o(.text)
    __aeabi_d2ulz                            0x08000761   Thumb Code    48  dfixul.o(.text)
    __aeabi_cdrcmple                         0x08000791   Thumb Code    48  cdrcmple.o(.text)
    __scatterload                            0x080007c1   Thumb Code    28  init.o(.text)
    __scatterload_rt2                        0x080007c1   Thumb Code     0  init.o(.text)
    __aeabi_llsl                             0x080007e5   Thumb Code    30  llshl.o(.text)
    _ll_shift_l                              0x080007e5   Thumb Code     0  llshl.o(.text)
    __aeabi_llsr                             0x08000803   Thumb Code    32  llushr.o(.text)
    _ll_ushift_r                             0x08000803   Thumb Code     0  llushr.o(.text)
    __aeabi_lasr                             0x08000823   Thumb Code    36  llsshr.o(.text)
    _ll_sshift_r                             0x08000823   Thumb Code     0  llsshr.o(.text)
    __rt_ctype_table                         0x08000849   Thumb Code     4  ctype_o.o(.text)
    _strtoul                                 0x08000851   Thumb Code   158  _strtoul.o(.text)
    _chval                                   0x080008ef   Thumb Code    28  _chval.o(.text)
    __decompress                             0x0800090b   Thumb Code     0  __dczerorl2.o(.text)
    __decompress1                            0x0800090b   Thumb Code    86  __dczerorl2.o(.text)
    DHT11_GetVal                             0x08000961   Thumb Code    68  dht11.o(i.DHT11_GetVal)
    DHT11_Init                               0x080009a5   Thumb Code    60  dht11.o(i.DHT11_Init)
    DHT11_ReadBit                            0x080009e5   Thumb Code    86  dht11.o(i.DHT11_ReadBit)
    DHT11_ReadByte                           0x08000a41   Thumb Code    32  dht11.o(i.DHT11_ReadByte)
    DHT11_SetInputMode                       0x08000a61   Thumb Code    36  dht11.o(i.DHT11_SetInputMode)
    DHT11_Start                              0x08000a89   Thumb Code    42  dht11.o(i.DHT11_Start)
    DHT11_WaitAck                            0x08000ab9   Thumb Code    84  dht11.o(i.DHT11_WaitAck)
    EXTI2_IRQHandler                         0x08000b11   Thumb Code    36  key.o(i.EXTI2_IRQHandler)
    EXTI_ClearITPendingBit                   0x08000b3d   Thumb Code     6  stm32f4xx_exti.o(i.EXTI_ClearITPendingBit)
    EXTI_Init                                0x08000b49   Thumb Code   142  stm32f4xx_exti.o(i.EXTI_Init)
    GPIO_Init                                0x08000bdd   Thumb Code   144  stm32f4xx_gpio.o(i.GPIO_Init)
    GPIO_PinAFConfig                         0x08000c6d   Thumb Code    70  stm32f4xx_gpio.o(i.GPIO_PinAFConfig)
    GPIO_ReadInputDataBit                    0x08000cb3   Thumb Code    18  stm32f4xx_gpio.o(i.GPIO_ReadInputDataBit)
    GPIO_ResetBits                           0x08000cc5   Thumb Code     4  stm32f4xx_gpio.o(i.GPIO_ResetBits)
    GPIO_SetBits                             0x08000cc9   Thumb Code     4  stm32f4xx_gpio.o(i.GPIO_SetBits)
    GPIO_ToggleBits                          0x08000ccd   Thumb Code     8  stm32f4xx_gpio.o(i.GPIO_ToggleBits)
    GPIO_WriteBit                            0x08000cd5   Thumb Code    10  stm32f4xx_gpio.o(i.GPIO_WriteBit)
    Get_Tem_DATA                             0x08000ce1   Thumb Code   144  iic.o(i.Get_Tem_DATA)
    IIC_Ack                                  0x08000d7d   Thumb Code    66  iic.o(i.IIC_Ack)
    IIC_NAck                                 0x08000dcd   Thumb Code    66  iic.o(i.IIC_NAck)
    IIC_Read_Byte                            0x08000e1d   Thumb Code    94  iic.o(i.IIC_Read_Byte)
    IIC_SDAInputMode                         0x08000e89   Thumb Code    38  oled.o(i.IIC_SDAInputMode)
    IIC_SDAOutputMode                        0x08000eb5   Thumb Code    50  oled.o(i.IIC_SDAOutputMode)
    IIC_SendBytes                            0x08000eed   Thumb Code   116  oled.o(i.IIC_SendBytes)
    IIC_Send_Byte                            0x08000f69   Thumb Code    90  iic.o(i.IIC_Send_Byte)
    IIC_Start                                0x08000fd1   Thumb Code    78  iic.o(i.IIC_Start)
    IIC_StartSignal                          0x0800102d   Thumb Code    60  oled.o(i.IIC_StartSignal)
    IIC_Stop                                 0x08001071   Thumb Code    78  iic.o(i.IIC_Stop)
    IIC_StopSignal                           0x080010cd   Thumb Code    60  oled.o(i.IIC_StopSignal)
    IIC_WaitAck                              0x08001111   Thumb Code    78  oled.o(i.IIC_WaitAck)
    IIC_Wait_Ack                             0x08001169   Thumb Code    86  iic.o(i.IIC_Wait_Ack)
    IIC_red_Init                             0x080011cd   Thumb Code    62  iic.o(i.IIC_red_Init)
    NVIC_Init                                0x08001219   Thumb Code   106  misc.o(i.NVIC_Init)
    NVIC_PriorityGroupConfig                 0x08001291   Thumb Code    10  misc.o(i.NVIC_PriorityGroupConfig)
    OLED_Clear                               0x080012a5   Thumb Code    62  oled.o(i.OLED_Clear)
    OLED_Init                                0x080012e5   Thumb Code   314  oled.o(i.OLED_Init)
    OLED_Set_Pos                             0x08001429   Thumb Code    40  oled.o(i.OLED_Set_Pos)
    OLED_ShowCHinese                         0x08001451   Thumb Code    98  oled.o(i.OLED_ShowCHinese)
    OLED_ShowChar                            0x080014b9   Thumb Code   154  oled.o(i.OLED_ShowChar)
    OLED_ShowString                          0x0800155d   Thumb Code    58  oled.o(i.OLED_ShowString)
    OLED_WR_Byte                             0x08001597   Thumb Code    24  oled.o(i.OLED_WR_Byte)
    PWR_BackupAccessCmd                      0x080015b1   Thumb Code     6  stm32f4xx_pwr.o(i.PWR_BackupAccessCmd)
    RCC_AHB1PeriphClockCmd                   0x080015bd   Thumb Code    26  stm32f4xx_rcc.o(i.RCC_AHB1PeriphClockCmd)
    RCC_APB1PeriphClockCmd                   0x080015dd   Thumb Code    26  stm32f4xx_rcc.o(i.RCC_APB1PeriphClockCmd)
    RCC_APB2PeriphClockCmd                   0x080015fd   Thumb Code    26  stm32f4xx_rcc.o(i.RCC_APB2PeriphClockCmd)
    RCC_GetClocksFreq                        0x0800161d   Thumb Code   214  stm32f4xx_rcc.o(i.RCC_GetClocksFreq)
    RCC_GetFlagStatus                        0x08001705   Thumb Code    60  stm32f4xx_rcc.o(i.RCC_GetFlagStatus)
    RCC_LSEConfig                            0x08001745   Thumb Code    40  stm32f4xx_rcc.o(i.RCC_LSEConfig)
    RCC_RTCCLKCmd                            0x08001771   Thumb Code     6  stm32f4xx_rcc.o(i.RCC_RTCCLKCmd)
    RCC_RTCCLKConfig                         0x0800177d   Thumb Code    50  stm32f4xx_rcc.o(i.RCC_RTCCLKConfig)
    RTC_ClearITPendingBit                    0x080017ed   Thumb Code    28  stm32f4xx_rtc.o(i.RTC_ClearITPendingBit)
    RTC_Config                               0x0800180d   Thumb Code   208  main.o(i.RTC_Config)
    RTC_EnterInitMode                        0x080018e1   Thumb Code    76  stm32f4xx_rtc.o(i.RTC_EnterInitMode)
    RTC_ExitInitMode                         0x08001931   Thumb Code    14  stm32f4xx_rtc.o(i.RTC_ExitInitMode)
    RTC_GetITStatus                          0x08001945   Thumb Code    58  stm32f4xx_rtc.o(i.RTC_GetITStatus)
    RTC_GetTime                              0x08001985   Thumb Code    72  stm32f4xx_rtc.o(i.RTC_GetTime)
    RTC_ITConfig                             0x080019d5   Thumb Code    94  stm32f4xx_rtc.o(i.RTC_ITConfig)
    RTC_Init                                 0x08001a39   Thumb Code    94  stm32f4xx_rtc.o(i.RTC_Init)
    RTC_SetTime                              0x08001a9d   Thumb Code   198  stm32f4xx_rtc.o(i.RTC_SetTime)
    RTC_SetWakeUpCounter                     0x08001b6d   Thumb Code    22  stm32f4xx_rtc.o(i.RTC_SetWakeUpCounter)
    RTC_WKUP_IRQHandler                      0x08001b89   Thumb Code    34  main.o(i.RTC_WKUP_IRQHandler)
    RTC_WaitForSynchro                       0x08001bb1   Thumb Code    92  stm32f4xx_rtc.o(i.RTC_WaitForSynchro)
    RTC_WakeUpClockConfig                    0x08001c11   Thumb Code    42  stm32f4xx_rtc.o(i.RTC_WakeUpClockConfig)
    RTC_WakeUpCmd                            0x08001c41   Thumb Code   116  stm32f4xx_rtc.o(i.RTC_WakeUpCmd)
    SystemInit                               0x08001da5   Thumb Code    88  system_stm32f4xx.o(i.SystemInit)
    TIM6_DAC_IRQHandler                      0x08001e0d   Thumb Code    30  tim.o(i.TIM6_DAC_IRQHandler)
    USART1_IRQHandler                        0x08001e35   Thumb Code   340  main.o(i.USART1_IRQHandler)
    USART1_Init                              0x08001fb5   Thumb Code   172  usart.o(i.USART1_Init)
    USART_Cmd                                0x08002069   Thumb Code    24  stm32f4xx_usart.o(i.USART_Cmd)
    USART_ITConfig                           0x08002081   Thumb Code    74  stm32f4xx_usart.o(i.USART_ITConfig)
    USART_Init                               0x080020cd   Thumb Code   204  stm32f4xx_usart.o(i.USART_Init)
    USART_OverSampling8Cmd                   0x080021a1   Thumb Code    22  stm32f4xx_usart.o(i.USART_OverSampling8Cmd)
    Write_IIC_Command                        0x080021b7   Thumb Code    44  oled.o(i.Write_IIC_Command)
    Write_IIC_Data                           0x080021e3   Thumb Code    44  oled.o(i.Write_IIC_Data)
    __0printf                                0x08002211   Thumb Code    22  printfa.o(i.__0printf)
    __1printf                                0x08002211   Thumb Code     0  printfa.o(i.__0printf)
    __2printf                                0x08002211   Thumb Code     0  printfa.o(i.__0printf)
    __c89printf                              0x08002211   Thumb Code     0  printfa.o(i.__0printf)
    printf                                   0x08002211   Thumb Code     0  printfa.o(i.__0printf)
    __0sprintf                               0x08002231   Thumb Code    34  printfa.o(i.__0sprintf)
    __1sprintf                               0x08002231   Thumb Code     0  printfa.o(i.__0sprintf)
    __2sprintf                               0x08002231   Thumb Code     0  printfa.o(i.__0sprintf)
    __c89sprintf                             0x08002231   Thumb Code     0  printfa.o(i.__0sprintf)
    sprintf                                  0x08002231   Thumb Code     0  printfa.o(i.__0sprintf)
    __aeabi_errno_addr                       0x08002259   Thumb Code     4  errno.o(i.__aeabi_errno_addr)
    __rt_errno_addr                          0x08002259   Thumb Code     0  errno.o(i.__aeabi_errno_addr)
    __scatterload_copy                       0x08002261   Thumb Code    14  handlers.o(i.__scatterload_copy)
    __scatterload_null                       0x0800226f   Thumb Code     2  handlers.o(i.__scatterload_null)
    __scatterload_zeroinit                   0x08002271   Thumb Code    14  handlers.o(i.__scatterload_zeroinit)
    decimal_bcd_code                         0x08002b3d   Thumb Code    40  main.o(i.decimal_bcd_code)
    delay                                    0x08002b65   Thumb Code    26  delay.o(i.delay)
    delay_ms                                 0x08002b7f   Thumb Code    74  delay.o(i.delay_ms)
    delay_us                                 0x08002bc9   Thumb Code    76  delay.o(i.delay_us)
    fputc                                    0x08002c15   Thumb Code    22  usart.o(i.fputc)
    main                                     0x08002c31   Thumb Code   232  main.o(i.main)
    F6x8                                     0x08002d58   Data         552  oled.o(.constdata)
    F8X16                                    0x08002f80   Data        1520  oled.o(.constdata)
    __ctype_table                            0x08003570   Data         129  ctype_o.o(.constdata)
    Region$$Table$$Base                      0x080035f8   Number         0  anon$$obj.o(Region$$Table)
    Region$$Table$$Limit                     0x08003618   Number         0  anon$$obj.o(Region$$Table)
    dht_buf                                  0x20000010   Data           5  main.o(.data)
    hjk_temp                                 0x20000015   Data           1  main.o(.data)
    hjk_humi                                 0x20000016   Data           1  main.o(.data)
    temperature                              0x20000018   Data           4  main.o(.data)
    RTC_TimeFlag                             0x2000001c   Data           1  main.o(.data)
    RTC_TimeStructure                        0x2000001d   Data           4  main.o(.data)
    hour_num                                 0x20000024   Data           4  main.o(.data)
    minute_num                               0x20000028   Data           4  main.o(.data)
    second_num                               0x2000002c   Data           4  main.o(.data)
    Hzk                                      0x20000034   Data         256  oled.o(.data)
    __stdout                                 0x20000138   Data           4  stdout.o(.data)
    __initial_sp                             0x20000558   Data           0  startup_stm32f40_41xxx.o(STACK)



==============================================================================

Memory Map of the image

  Image Entry point : 0x08000189

  Load Region LR_IROM1 (Base: 0x08000000, Size: 0x00003758, Max: 0x00080000, ABSOLUTE, COMPRESSED[0x0000369c])

    Execution Region ER_IROM1 (Exec base: 0x08000000, Load base: 0x08000000, Size: 0x00003618, Max: 0x00080000, ABSOLUTE)

    Exec Addr    Load Addr    Size         Type   Attr      Idx    E Section Name        Object

    0x08000000   0x08000000   0x00000188   Data   RO          143    RESET               startup_stm32f40_41xxx.o
    0x08000188   0x08000188   0x00000000   Code   RO         2865  * .ARM.Collect$$$$00000000  mc_w.l(entry.o)
    0x08000188   0x08000188   0x00000004   Code   RO         3151    .ARM.Collect$$$$00000001  mc_w.l(entry2.o)
    0x0800018c   0x0800018c   0x00000004   Code   RO         3154    .ARM.Collect$$$$00000004  mc_w.l(entry5.o)
    0x08000190   0x08000190   0x00000000   Code   RO         3156    .ARM.Collect$$$$00000008  mc_w.l(entry7b.o)
    0x08000190   0x08000190   0x00000000   Code   RO         3158    .ARM.Collect$$$$0000000A  mc_w.l(entry8b.o)
    0x08000190   0x08000190   0x00000008   Code   RO         3159    .ARM.Collect$$$$0000000B  mc_w.l(entry9a.o)
    0x08000198   0x08000198   0x00000000   Code   RO         3161    .ARM.Collect$$$$0000000D  mc_w.l(entry10a.o)
    0x08000198   0x08000198   0x00000000   Code   RO         3163    .ARM.Collect$$$$0000000F  mc_w.l(entry11a.o)
    0x08000198   0x08000198   0x00000004   Code   RO         3152    .ARM.Collect$$$$00002712  mc_w.l(entry2.o)
    0x0800019c   0x0800019c   0x00000024   Code   RO          144    .text               startup_stm32f40_41xxx.o
    0x080001c0   0x080001c0   0x00000024   Code   RO         2868    .text               mc_w.l(memseta.o)
    0x080001e4   0x080001e4   0x0000001c   Code   RO         2870    .text               mc_w.l(strcmp.o)
    0x08000200   0x08000200   0x00000012   Code   RO         2872    .text               mc_w.l(strcpy.o)
    0x08000212   0x08000212   0x00000002   PAD
    0x08000214   0x08000214   0x00000044   Code   RO         2874    .text               mc_w.l(strtok.o)
    0x08000258   0x08000258   0x0000001a   Code   RO         3141    .text               mc_w.l(atoi.o)
    0x08000272   0x08000272   0x000000e4   Code   RO         3143    .text               mf_w.l(dmul.o)
    0x08000356   0x08000356   0x00000026   Code   RO         3147    .text               mf_w.l(f2d.o)
    0x0800037c   0x0800037c   0x0000002c   Code   RO         3166    .text               mc_w.l(uidiv.o)
    0x080003a8   0x080003a8   0x00000062   Code   RO         3168    .text               mc_w.l(uldiv.o)
    0x0800040a   0x0800040a   0x00000070   Code   RO         3177    .text               mc_w.l(strtol.o)
    0x0800047a   0x0800047a   0x00000000   Code   RO         3179    .text               mc_w.l(iusefp.o)
    0x0800047a   0x0800047a   0x000000ba   Code   RO         3182    .text               mf_w.l(depilogue.o)
    0x08000534   0x08000534   0x0000014e   Code   RO         3184    .text               mf_w.l(dadd.o)
    0x08000682   0x08000682   0x000000de   Code   RO         3186    .text               mf_w.l(ddiv.o)
    0x08000760   0x08000760   0x00000030   Code   RO         3188    .text               mf_w.l(dfixul.o)
    0x08000790   0x08000790   0x00000030   Code   RO         3190    .text               mf_w.l(cdrcmple.o)
    0x080007c0   0x080007c0   0x00000024   Code   RO         3192    .text               mc_w.l(init.o)
    0x080007e4   0x080007e4   0x0000001e   Code   RO         3194    .text               mc_w.l(llshl.o)
    0x08000802   0x08000802   0x00000020   Code   RO         3196    .text               mc_w.l(llushr.o)
    0x08000822   0x08000822   0x00000024   Code   RO         3198    .text               mc_w.l(llsshr.o)
    0x08000846   0x08000846   0x00000002   PAD
    0x08000848   0x08000848   0x00000008   Code   RO         3200    .text               mc_w.l(ctype_o.o)
    0x08000850   0x08000850   0x0000009e   Code   RO         3228    .text               mc_w.l(_strtoul.o)
    0x080008ee   0x080008ee   0x0000001c   Code   RO         3230    .text               mc_w.l(_chval.o)
    0x0800090a   0x0800090a   0x00000056   Code   RO         3240    .text               mc_w.l(__dczerorl2.o)
    0x08000960   0x08000960   0x00000044   Code   RO         2743    i.DHT11_GetVal      dht11.o
    0x080009a4   0x080009a4   0x00000040   Code   RO         2744    i.DHT11_Init        dht11.o
    0x080009e4   0x080009e4   0x0000005c   Code   RO         2745    i.DHT11_ReadBit     dht11.o
    0x08000a40   0x08000a40   0x00000020   Code   RO         2746    i.DHT11_ReadByte    dht11.o
    0x08000a60   0x08000a60   0x00000028   Code   RO         2747    i.DHT11_SetInputMode  dht11.o
    0x08000a88   0x08000a88   0x00000030   Code   RO         2748    i.DHT11_Start       dht11.o
    0x08000ab8   0x08000ab8   0x00000058   Code   RO         2749    i.DHT11_WaitAck     dht11.o
    0x08000b10   0x08000b10   0x0000002c   Code   RO         2377    i.EXTI2_IRQHandler  key.o
    0x08000b3c   0x08000b3c   0x0000000c   Code   RO          687    i.EXTI_ClearITPendingBit  stm32f4xx_exti.o
    0x08000b48   0x08000b48   0x00000094   Code   RO          692    i.EXTI_Init         stm32f4xx_exti.o
    0x08000bdc   0x08000bdc   0x00000090   Code   RO          533    i.GPIO_Init         stm32f4xx_gpio.o
    0x08000c6c   0x08000c6c   0x00000046   Code   RO          534    i.GPIO_PinAFConfig  stm32f4xx_gpio.o
    0x08000cb2   0x08000cb2   0x00000012   Code   RO          537    i.GPIO_ReadInputDataBit  stm32f4xx_gpio.o
    0x08000cc4   0x08000cc4   0x00000004   Code   RO          540    i.GPIO_ResetBits    stm32f4xx_gpio.o
    0x08000cc8   0x08000cc8   0x00000004   Code   RO          541    i.GPIO_SetBits      stm32f4xx_gpio.o
    0x08000ccc   0x08000ccc   0x00000008   Code   RO          543    i.GPIO_ToggleBits   stm32f4xx_gpio.o
    0x08000cd4   0x08000cd4   0x0000000a   Code   RO          545    i.GPIO_WriteBit     stm32f4xx_gpio.o
    0x08000cde   0x08000cde   0x00000002   PAD
    0x08000ce0   0x08000ce0   0x0000009c   Code   RO         2799    i.Get_Tem_DATA      iic.o
    0x08000d7c   0x08000d7c   0x00000050   Code   RO         2800    i.IIC_Ack           iic.o
    0x08000dcc   0x08000dcc   0x00000050   Code   RO         2801    i.IIC_NAck          iic.o
    0x08000e1c   0x08000e1c   0x0000006c   Code   RO         2802    i.IIC_Read_Byte     iic.o
    0x08000e88   0x08000e88   0x0000002c   Code   RO         2572    i.IIC_SDAInputMode  oled.o
    0x08000eb4   0x08000eb4   0x00000038   Code   RO         2573    i.IIC_SDAOutputMode  oled.o
    0x08000eec   0x08000eec   0x0000007c   Code   RO         2574    i.IIC_SendBytes     oled.o
    0x08000f68   0x08000f68   0x00000068   Code   RO         2803    i.IIC_Send_Byte     iic.o
    0x08000fd0   0x08000fd0   0x0000005c   Code   RO         2804    i.IIC_Start         iic.o
    0x0800102c   0x0800102c   0x00000044   Code   RO         2575    i.IIC_StartSignal   oled.o
    0x08001070   0x08001070   0x0000005c   Code   RO         2805    i.IIC_Stop          iic.o
    0x080010cc   0x080010cc   0x00000044   Code   RO         2576    i.IIC_StopSignal    oled.o
    0x08001110   0x08001110   0x00000058   Code   RO         2577    i.IIC_WaitAck       oled.o
    0x08001168   0x08001168   0x00000064   Code   RO         2806    i.IIC_Wait_Ack      iic.o
    0x080011cc   0x080011cc   0x0000004c   Code   RO         2807    i.IIC_red_Init      iic.o
    0x08001218   0x08001218   0x00000078   Code   RO          150    i.NVIC_Init         misc.o
    0x08001290   0x08001290   0x00000014   Code   RO          151    i.NVIC_PriorityGroupConfig  misc.o
    0x080012a4   0x080012a4   0x0000003e   Code   RO         2578    i.OLED_Clear        oled.o
    0x080012e2   0x080012e2   0x00000002   PAD
    0x080012e4   0x080012e4   0x00000144   Code   RO         2582    i.OLED_Init         oled.o
    0x08001428   0x08001428   0x00000028   Code   RO         2584    i.OLED_Set_Pos      oled.o
    0x08001450   0x08001450   0x00000068   Code   RO         2585    i.OLED_ShowCHinese  oled.o
    0x080014b8   0x080014b8   0x000000a4   Code   RO         2586    i.OLED_ShowChar     oled.o
    0x0800155c   0x0800155c   0x0000003a   Code   RO         2588    i.OLED_ShowString   oled.o
    0x08001596   0x08001596   0x00000018   Code   RO         2589    i.OLED_WR_Byte      oled.o
    0x080015ae   0x080015ae   0x00000002   PAD
    0x080015b0   0x080015b0   0x0000000c   Code   RO         1548    i.PWR_BackupAccessCmd  stm32f4xx_pwr.o
    0x080015bc   0x080015bc   0x00000020   Code   RO          198    i.RCC_AHB1PeriphClockCmd  stm32f4xx_rcc.o
    0x080015dc   0x080015dc   0x00000020   Code   RO          207    i.RCC_APB1PeriphClockCmd  stm32f4xx_rcc.o
    0x080015fc   0x080015fc   0x00000020   Code   RO          210    i.RCC_APB2PeriphClockCmd  stm32f4xx_rcc.o
    0x0800161c   0x0800161c   0x000000e8   Code   RO          219    i.RCC_GetClocksFreq  stm32f4xx_rcc.o
    0x08001704   0x08001704   0x00000040   Code   RO          220    i.RCC_GetFlagStatus  stm32f4xx_rcc.o
    0x08001744   0x08001744   0x0000002c   Code   RO          228    i.RCC_LSEConfig     stm32f4xx_rcc.o
    0x08001770   0x08001770   0x0000000c   Code   RO          242    i.RCC_RTCCLKCmd     stm32f4xx_rcc.o
    0x0800177c   0x0800177c   0x0000003c   Code   RO          243    i.RCC_RTCCLKConfig  stm32f4xx_rcc.o
    0x080017b8   0x080017b8   0x00000016   Code   RO         1673    i.RTC_Bcd2ToByte    stm32f4xx_rtc.o
    0x080017ce   0x080017ce   0x0000001c   Code   RO         1675    i.RTC_ByteToBcd2    stm32f4xx_rtc.o
    0x080017ea   0x080017ea   0x00000002   PAD
    0x080017ec   0x080017ec   0x00000020   Code   RO         1679    i.RTC_ClearITPendingBit  stm32f4xx_rtc.o
    0x0800180c   0x0800180c   0x000000d4   Code   RO         2249    i.RTC_Config        main.o
    0x080018e0   0x080018e0   0x00000050   Code   RO         1685    i.RTC_EnterInitMode  stm32f4xx_rtc.o
    0x08001930   0x08001930   0x00000014   Code   RO         1686    i.RTC_ExitInitMode  stm32f4xx_rtc.o
    0x08001944   0x08001944   0x00000040   Code   RO         1691    i.RTC_GetITStatus   stm32f4xx_rtc.o
    0x08001984   0x08001984   0x00000050   Code   RO         1694    i.RTC_GetTime       stm32f4xx_rtc.o
    0x080019d4   0x080019d4   0x00000064   Code   RO         1698    i.RTC_ITConfig      stm32f4xx_rtc.o
    0x08001a38   0x08001a38   0x00000064   Code   RO         1699    i.RTC_Init          stm32f4xx_rtc.o
    0x08001a9c   0x08001a9c   0x000000d0   Code   RO         1706    i.RTC_SetTime       stm32f4xx_rtc.o
    0x08001b6c   0x08001b6c   0x0000001c   Code   RO         1707    i.RTC_SetWakeUpCounter  stm32f4xx_rtc.o
    0x08001b88   0x08001b88   0x00000028   Code   RO         2250    i.RTC_WKUP_IRQHandler  main.o
    0x08001bb0   0x08001bb0   0x00000060   Code   RO         1722    i.RTC_WaitForSynchro  stm32f4xx_rtc.o
    0x08001c10   0x08001c10   0x00000030   Code   RO         1723    i.RTC_WakeUpClockConfig  stm32f4xx_rtc.o
    0x08001c40   0x08001c40   0x00000078   Code   RO         1724    i.RTC_WakeUpCmd     stm32f4xx_rtc.o
    0x08001cb8   0x08001cb8   0x000000ec   Code   RO            3    i.SetSysClock       system_stm32f4xx.o
    0x08001da4   0x08001da4   0x00000068   Code   RO            5    i.SystemInit        system_stm32f4xx.o
    0x08001e0c   0x08001e0c   0x00000028   Code   RO         2467    i.TIM6_DAC_IRQHandler  tim.o
    0x08001e34   0x08001e34   0x00000180   Code   RO         2251    i.USART1_IRQHandler  main.o
    0x08001fb4   0x08001fb4   0x000000b4   Code   RO         2499    i.USART1_Init       usart.o
    0x08002068   0x08002068   0x00000018   Code   RO         1314    i.USART_Cmd         stm32f4xx_usart.o
    0x08002080   0x08002080   0x0000004a   Code   RO         1320    i.USART_ITConfig    stm32f4xx_usart.o
    0x080020ca   0x080020ca   0x00000002   PAD
    0x080020cc   0x080020cc   0x000000d4   Code   RO         1321    i.USART_Init        stm32f4xx_usart.o
    0x080021a0   0x080021a0   0x00000016   Code   RO         1327    i.USART_OverSampling8Cmd  stm32f4xx_usart.o
    0x080021b6   0x080021b6   0x0000002c   Code   RO         2590    i.Write_IIC_Command  oled.o
    0x080021e2   0x080021e2   0x0000002c   Code   RO         2591    i.Write_IIC_Data    oled.o
    0x0800220e   0x0800220e   0x00000002   PAD
    0x08002210   0x08002210   0x00000020   Code   RO         3113    i.__0printf         mc_w.l(printfa.o)
    0x08002230   0x08002230   0x00000028   Code   RO         3115    i.__0sprintf        mc_w.l(printfa.o)
    0x08002258   0x08002258   0x00000008   Code   RO         3170    i.__aeabi_errno_addr  mc_w.l(errno.o)
    0x08002260   0x08002260   0x0000000e   Code   RO         3234    i.__scatterload_copy  mc_w.l(handlers.o)
    0x0800226e   0x0800226e   0x00000002   Code   RO         3235    i.__scatterload_null  mc_w.l(handlers.o)
    0x08002270   0x08002270   0x0000000e   Code   RO         3236    i.__scatterload_zeroinit  mc_w.l(handlers.o)
    0x0800227e   0x0800227e   0x00000002   PAD
    0x08002280   0x08002280   0x00000184   Code   RO         3120    i._fp_digits        mc_w.l(printfa.o)
    0x08002404   0x08002404   0x000006dc   Code   RO         3121    i._printf_core      mc_w.l(printfa.o)
    0x08002ae0   0x08002ae0   0x00000024   Code   RO         3122    i._printf_post_padding  mc_w.l(printfa.o)
    0x08002b04   0x08002b04   0x0000002e   Code   RO         3123    i._printf_pre_padding  mc_w.l(printfa.o)
    0x08002b32   0x08002b32   0x0000000a   Code   RO         3125    i._sputc            mc_w.l(printfa.o)
    0x08002b3c   0x08002b3c   0x00000028   Code   RO         2252    i.decimal_bcd_code  main.o
    0x08002b64   0x08002b64   0x0000001a   Code   RO         2429    i.delay             delay.o
    0x08002b7e   0x08002b7e   0x0000004a   Code   RO         2430    i.delay_ms          delay.o
    0x08002bc8   0x08002bc8   0x0000004c   Code   RO         2432    i.delay_us          delay.o
    0x08002c14   0x08002c14   0x0000001c   Code   RO         2501    i.fputc             usart.o
    0x08002c30   0x08002c30   0x00000128   Code   RO         2253    i.main              main.o
    0x08002d58   0x08002d58   0x00000818   Data   RO         2594    .constdata          oled.o
    0x08003570   0x08003570   0x00000081   Data   RO         3201    .constdata          mc_w.l(ctype_o.o)
    0x080035f1   0x080035f1   0x00000003   PAD
    0x080035f4   0x080035f4   0x00000004   Data   RO         3202    .constdata          mc_w.l(ctype_o.o)
    0x080035f8   0x080035f8   0x00000020   Data   RO         3232    Region$$Table       anon$$obj.o


    Execution Region RW_IRAM2 (Exec base: 0x10000000, Load base: 0x0800369c, Size: 0x00000000, Max: 0x00010000, ABSOLUTE)

    **** No section assigned to this execution region ****


    Execution Region RW_IRAM1 (Exec base: 0x20000000, Load base: 0x08003618, Size: 0x00000558, Max: 0x00020000, ABSOLUTE, COMPRESSED[0x00000084])

    Exec Addr    Load Addr    Size         Type   Attr      Idx    E Section Name        Object

    0x20000000   COMPRESSED   0x00000010   Data   RW          251    .data               stm32f4xx_rcc.o
    0x20000010   COMPRESSED   0x00000024   Data   RW         2255    .data               main.o
    0x20000034   COMPRESSED   0x00000100   Data   RW         2595    .data               oled.o
    0x20000134   COMPRESSED   0x00000004   Data   RW         2875    .data               mc_w.l(strtok.o)
    0x20000138   COMPRESSED   0x00000004   Data   RW         3165    .data               mc_w.l(stdout.o)
    0x2000013c   COMPRESSED   0x00000004   Data   RW         3173    .data               mc_w.l(errno.o)
    0x20000140        -       0x00000012   Zero   RW         2254    .bss                main.o
    0x20000152   COMPRESSED   0x00000006   PAD
    0x20000158        -       0x00000400   Zero   RW          141    STACK               startup_stm32f40_41xxx.o


==============================================================================

Image component sizes


      Code (inc. data)   RO Data    RW Data    ZI Data      Debug   Object Name

       176          0          0          0          0       1522   delay.o
       432         24          0          0          0       4412   dht11.o
       888        124          0          0          0       5121   iic.o
        44          8          0          0          0        487   key.o
       972        118          0         36         18       4427   main.o
       140         24          0          0          0       1683   misc.o
      1312         72       2072        256          0      10106   oled.o
        36          8        392          0       1024        840   startup_stm32f40_41xxx.o
       160         12          0          0          0       1649   stm32f4xx_exti.o
       258          0          0          0          0       4861   stm32f4xx_gpio.o
        12          6          0          0          0        538   stm32f4xx_pwr.o
       508         60          0         16          0       7110   stm32f4xx_rcc.o
      1026         70          0          0          0       9807   stm32f4xx_rtc.o
       332          8          0          0          0       3663   stm32f4xx_usart.o
       340         32          0          0          0     280689   system_stm32f4xx.o
        40         10          0          0          0        490   tim.o
       208         14          0          0          0       2898   usart.o

    ----------------------------------------------------------------------
      6896        590       2496        308       1048     340303   Object Totals
         0          0         32          0          0          0   (incl. Generated)
        12          0          0          0          6          0   (incl. Padding)

    ----------------------------------------------------------------------

      Code (inc. data)   RO Data    RW Data    ZI Data      Debug   Library Member Name

        86          0          0          0          0          0   __dczerorl2.o
        28          0          0          0          0         68   _chval.o
       158          0          0          0          0         92   _strtoul.o
        26          0          0          0          0         80   atoi.o
         8          4        133          0          0         68   ctype_o.o
         0          0          0          0          0          0   entry.o
         0          0          0          0          0          0   entry10a.o
         0          0          0          0          0          0   entry11a.o
         8          4          0          0          0          0   entry2.o
         4          0          0          0          0          0   entry5.o
         0          0          0          0          0          0   entry7b.o
         0          0          0          0          0          0   entry8b.o
         8          4          0          0          0          0   entry9a.o
         8          4          0          4          0         68   errno.o
        30          0          0          0          0          0   handlers.o
        36          8          0          0          0         68   init.o
         0          0          0          0          0          0   iusefp.o
        30          0          0          0          0         68   llshl.o
        36          0          0          0          0         68   llsshr.o
        32          0          0          0          0         68   llushr.o
        36          0          0          0          0        108   memseta.o
      2308         96          0          0          0        604   printfa.o
         0          0          0          4          0          0   stdout.o
        28          0          0          0          0         76   strcmp.o
        18          0          0          0          0         68   strcpy.o
        68          6          0          4          0         80   strtok.o
       112          0          0          0          0         88   strtol.o
        44          0          0          0          0         80   uidiv.o
        98          0          0          0          0         92   uldiv.o
        48          0          0          0          0         68   cdrcmple.o
       334          0          0          0          0        148   dadd.o
       222          0          0          0          0        100   ddiv.o
       186          0          0          0          0        176   depilogue.o
        48          0          0          0          0         68   dfixul.o
       228          0          0          0          0         96   dmul.o
        38          0          0          0          0         68   f2d.o

    ----------------------------------------------------------------------
      4320        126        136         12          0       2568   Library Totals
         6          0          3          0          0          0   (incl. Padding)

    ----------------------------------------------------------------------

      Code (inc. data)   RO Data    RW Data    ZI Data      Debug   Library Name

      3210        126        133         12          0       1844   mc_w.l
      1104          0          0          0          0        724   mf_w.l

    ----------------------------------------------------------------------
      4320        126        136         12          0       2568   Library Totals

    ----------------------------------------------------------------------

==============================================================================


      Code (inc. data)   RO Data    RW Data    ZI Data      Debug   

     11216        716       2632        320       1048     333903   Grand Totals
     11216        716       2632        132       1048     333903   ELF Image Totals (compressed)
     11216        716       2632        132          0          0   ROM Totals

==============================================================================

    Total RO  Size (Code + RO Data)                13848 (  13.52kB)
    Total RW  Size (RW Data + ZI Data)              1368 (   1.34kB)
    Total ROM Size (Code + RO Data + RW Data)      13980 (  13.65kB)

==============================================================================

