<html>
<body>
<pre>
<h1>µVision Build Log</h1>
<h2>Tool Versions:</h2>
IDE-Version: ¦ÌVision V5.28.0.0
Copyright (C) 2019 ARM Ltd and ARM Germany GmbH. All rights reserved.
License Information: 123 123, 123, LIC=KIVNB-2PB10-79YG1-C0ZYV-VSY4M-IQY9V
 
Tool Versions:
Toolchain:       MDK-ARM Professional  Version: 5.28.0.0
Toolchain Path:  D:\keil\ARM\ARMCC\Bin
C Compiler:      Armcc.exe V5.06 update 6 (build 750)
Assembler:       Armasm.exe V5.06 update 6 (build 750)
Linker/Locator:  ArmLink.exe V5.06 update 6 (build 750)
Library Manager: ArmAr.exe V5.06 update 6 (build 750)
Hex Converter:   FromElf.exe V5.06 update 6 (build 750)
CPU DLL:         SARMCM3.DLL V5.28.0.0
Dialog DLL:      DCM.DLL V1.17.3.0
Target DLL:      Segger\JL2CM3.dll V2.99.36.0
Dialog DLL:      TCM.DLL V1.36.2.0
 
<h2>Project:</h2>
D:\vscode daima\pro_RTC-ver-hjk\project\peoject.uvprojx
Project File Date:  07/21/2022

<h2>Output:</h2>
*** Using Compiler 'V5.06 update 6 (build 750)', folder: 'D:\keil\ARM\ARMCC\Bin'
Build target 'Target 1'
compiling main.c...
..\USER\main.c(317): warning:  #167-D: argument of type "char *" is incompatible with parameter of type "u8 *"
  			OLED_ShowString(1,0,tbuf,16);
..\USER\main.c(320): warning:  #167-D: argument of type "char *" is incompatible with parameter of type "u8 *"
  			OLED_ShowString(1,3,tbuf_temp_humi,16);
..\USER\main.c(323): warning:  #167-D: argument of type "char *" is incompatible with parameter of type "u8 *"
  			OLED_ShowString(1,6,tbuf_red_Temp,16);
..\USER\main.c: 3 warnings, 0 errors
linking...
Program Size: Code=11216 RO-data=2632 RW-data=320 ZI-data=1048  
".\Objects\peoject.axf" - 0 Error(s), 3 Warning(s).

<h2>Software Packages used:</h2>

Package Vendor: Keil
                http://www.keil.com/pack/Keil.STM32F4xx_DFP.1.0.8.pack
                Keil.STM32F4xx_DFP.1.0.8
                STMicroelectronics STM32F4 Series Device Support, Drivers and Examples

<h2>Collection of Component include folders:</h2>
  .\RTE\_Target_1
  D:\keil\Keil\STM32F4xx_DFP\1.0.8\Device\Include

<h2>Collection of Component Files used:</h2>
Build Time Elapsed:  00:00:04
</pre>
</body>
</html>
